Starting getting env variables.
SIMLEN set to 76390 ticks.
Creating testbench.
Running the test.
Loading RAM ELF: /cascade-data/rtl881540_boom_5000017_51.elf
Opening ELF at path: /cascade-data/rtl881540_boom_5000017_51.elf
Writing ELF word to SRAM addr 0000000000000000: 000f8f9380000fb7
Writing ELF word to SRAM addr 0000000000000001: 020fdf93020f9f93
Writing ELF word to SRAM addr 0000000000000002: 3050107330201073
Writing ELF word to SRAM addr 0000000000000003: 01f0009310501073
Writing ELF word to SRAM addr 0000000000000004: 001000933a009073
Writing ELF word to SRAM addr 0000000000000005: fff0809303601093
Writing ELF word to SRAM addr 0000000000000006: b00010733b009073
Writing ELF word to SRAM addr 0000000000000007: 3430107334201073
Writing ELF word to SRAM addr 0000000000000008: b020107334001073
Writing ELF word to SRAM addr 0000000000000009: 1430107314201073
Writing ELF word to SRAM addr 000000000000000a: 00002eb714001073
Writing ELF word to SRAM addr 000000000000000b: 00000093300e9073
Writing ELF word to SRAM addr 000000000000000c: 001edd9300309073
Writing ELF word to SRAM addr 000000000000000d: 01be6e33002ede13
Writing ELF word to SRAM addr 000000000000000e: 300e207300000013
Writing ELF word to SRAM addr 000000000000000f: 005edd13300da073
Writing ELF word to SRAM addr 0000000000000010: fff00f13300d2073
Writing ELF word to SRAM addr 0000000000000011: ffff4f13020f1f13
Writing ELF word to SRAM addr 0000000000000012: 088b8b9301f00bb3
Writing ELF word to SRAM addr 0000000000000013: 0c0bb0870b8bb007
Writing ELF word to SRAM addr 0000000000000014: 0d0bb1870c8bb107
Writing ELF word to SRAM addr 0000000000000015: 0e0bb2870d8bb207
Writing ELF word to SRAM addr 0000000000000016: 0f0bb3870e8bb307
Writing ELF word to SRAM addr 0000000000000017: 000bb0830f8bb407
Writing ELF word to SRAM addr 0000000000000018: 010bb183008bb103
Writing ELF word to SRAM addr 0000000000000019: 020bb283018bb203
Writing ELF word to SRAM addr 000000000000001a: 030bb383028bb303
Writing ELF word to SRAM addr 000000000000001b: 040bb483038bb403
Writing ELF word to SRAM addr 000000000000001c: 050bb583048bb503
Writing ELF word to SRAM addr 000000000000001d: 060bb683058bb603
Writing ELF word to SRAM addr 000000000000001e: 070bb783068bb703
Writing ELF word to SRAM addr 000000000000001f: 080bb883078bb803
Writing ELF word to SRAM addr 0000000000000020: 090bb983088bb903
Writing ELF word to SRAM addr 0000000000000021: 0a0bba83098bba03
Writing ELF word to SRAM addr 0000000000000022: 0b0bbb830a8bbb03
Writing ELF word to SRAM addr 0000000000000023: 224caa892387f7ef
Writing ELF word to SRAM addr 0000000000000024: 311c246ee04421c9
Writing ELF word to SRAM addr 0000000000000025: 2351c1d5c61cd5c8
Writing ELF word to SRAM addr 0000000000000026: fe8ff47495b25c9b
Writing ELF word to SRAM addr 0000000000000027: 8d0787ed1ea3cb34
Writing ELF word to SRAM addr 0000000000000028: 851a035ff46b31db
Writing ELF word to SRAM addr 0000000000000029: e5bccc334edaeb36
Writing ELF word to SRAM addr 000000000000002a: ac9924eedd823e7c
Writing ELF word to SRAM addr 000000000000002b: ed66b4a9ff7bee40
Writing ELF word to SRAM addr 000000000000002c: c6b680412f83fdca
Writing ELF word to SRAM addr 000000000000002d: 59e50963ae49d1b5
Writing ELF word to SRAM addr 000000000000002e: 1312b5c8f04cdf34
Writing ELF word to SRAM addr 000000000000002f: 81d2a1b05eb964b3
Writing ELF word to SRAM addr 0000000000000030: 5029650e74c0e29e
Writing ELF word to SRAM addr 0000000000000031: 168c72b0e9675839
Writing ELF word to SRAM addr 0000000000000032: d76e5f94352037c2
Writing ELF word to SRAM addr 0000000000000033: 733db7076f67b4f4
Writing ELF word to SRAM addr 0000000000000034: e66d68bee9813374
Writing ELF word to SRAM addr 0000000000000035: 59031ecffd5dc052
Writing ELF word to SRAM addr 0000000000000036: 175d3ad8cbeb5aac
Writing ELF word to SRAM addr 0000000000000037: 92e2b47a37b70270
Writing ELF word to SRAM addr 0000000000000038: 8cdb810cd3384a19
Writing ELF word to SRAM addr 0000000000000039: bf652496139faa8e
Writing ELF word to SRAM addr 000000000000003a: 75d621fffff3dbc8
Writing ELF word to SRAM addr 000000000000003b: f45a3af702cff5ff
Writing ELF word to SRAM addr 000000000000003c: a4e556ea02f928f6
Writing ELF word to SRAM addr 000000000000003d: e288811fe7555a5a
Writing ELF word to SRAM addr 000000000000003e: fa0be93dd1c58248
Writing ELF word to SRAM addr 000000000000003f: b0456af55a28ba33
Writing ELF word to SRAM addr 0000000000000040: e9405d93c6b4e47e
Writing ELF word to SRAM addr 0000000000000041: d14a5aef3cd1afc4
Writing ELF word to SRAM addr 0000000000000042: 342c95d0078c5c22
Writing ELF word to SRAM addr 0000000000000043: 0000000024027571
Writing ELF word to SRAM addr 0000000000000cc8: b0245073e2010653
Writing ELF word to SRAM addr 0000000000000cc9: 140591f3c032c653
Writing ELF word to SRAM addr 0000000000000cca: 300d3073300d3073
Writing ELF word to SRAM addr 0000000000000ccb: c03091d3302122cf
Writing ELF word to SRAM addr 0000000000000ccc: b025d0731afa67e3
Writing ELF word to SRAM addr 0000000000000ccd: 208413d314245a73
Writing ELF word to SRAM addr 0000000000000cce: c00096531421d1f3
Writing ELF word to SRAM addr 0000000000000ccf: 300e2073d23623d3
Writing ELF word to SRAM addr 0000000000000cd0: 4157d19b300db073
Writing ELF word to SRAM addr 0000000000000cd1: 34019673102292d3
Writing ELF word to SRAM addr 0000000000000cd2: 028311532a13a3cb
Writing ELF word to SRAM addr 0000000000000cd3: 34059a73300e3073
Writing ELF word to SRAM addr 0000000000000cd4: c22331d332632147
Writing ELF word to SRAM addr 0000000000000cd5: 354cea6f140795f3
Writing ELF word to SRAM addr 0000000000000cdc: 300d2073342051f3
Writing ELF word to SRAM addr 0000000000000cdd: 300e2073300d2073
Writing ELF word to SRAM addr 0000000000000cde: 02b5e7bb14079a73
Writing ELF word to SRAM addr 0000000000000cdf: 300e2073300e2073
Writing ELF word to SRAM addr 0000000000000ce0: 3421d7f3b023d073
Writing ELF word to SRAM addr 0000000000000ce1: 000000001f4644e3
Writing ELF word to SRAM addr 0000000000000df0: 0231c63b3420d1f3
Writing ELF word to SRAM addr 0000000000000df1: 0235d5bb33f75073
Writing ELF word to SRAM addr 0000000000000df2: 34079673300e2073
Writing ELF word to SRAM addr 0000000000000df3: 300db073300e2073
Writing ELF word to SRAM addr 0000000000000df4: 02b7e1bb0235a633
Writing ELF word to SRAM addr 0000000000000df5: 300e20733cf19be3
Writing ELF word to SRAM addr 0000000000000df6: 300ea07333f4d073
Writing ELF word to SRAM addr 0000000000000df7: 2a731453d0364353
Writing ELF word to SRAM addr 0000000000000df8: 26b653e32280a353
Writing ELF word to SRAM addr 0000000000000df9: 1060c3d3f637e863
Writing ELF word to SRAM addr 0000000000000dfa: 2073a353e63a00e3
Writing ELF word to SRAM addr 0000000000000dfb: 340595f3300eb073
Writing ELF word to SRAM addr 0000000000000dfc: 4ac1c9e3300e2073
Writing ELF word to SRAM addr 0000000000000dfd: 300d207302c1c633
Writing ELF word to SRAM addr 0000000000000dfe: b035d073300d2073
Writing ELF word to SRAM addr 0000000000000dff: 300d307394c64863
Writing ELF word to SRAM addr 0000000000000e00: 300e2073300d3073
Writing ELF word to SRAM addr 0000000000000e01: 023a6a33300db073
Writing ELF word to SRAM addr 0000000000000e02: 300d3073831a079b
Writing ELF word to SRAM addr 0000000000000e03: 02f7f5b3300d3073
Writing ELF word to SRAM addr 0000000000000e04: 16b5e2e3c0c61b63
Writing ELF word to SRAM addr 0000000000000e05: 300db073300e2073
Writing ELF word to SRAM addr 0000000000000e06: 00000000eaf1d863
Writing ELF word to SRAM addr 0000000000000e1e: 300db073300e2073
Writing ELF word to SRAM addr 0000000000000e1f: 8efa4263300e3073
Writing ELF word to SRAM addr 0000000000000e20: 300d2073734a67e3
Writing ELF word to SRAM addr 0000000000000e21: a741f9e3300d2073
Writing ELF word to SRAM addr 0000000000000e22: 300e2073140a15f3
Writing ELF word to SRAM addr 0000000000000e23: 300eb0730837fa63
Writing ELF word to SRAM addr 0000000000000e24: 300e2073300e3073
Writing ELF word to SRAM addr 0000000000000e25: 300d307340f651bb
Writing ELF word to SRAM addr 0000000000000e26: b0325073300d3073
Writing ELF word to SRAM addr 0000000000000e27: d8f5d4e3f7465ce3
Writing ELF word to SRAM addr 0000000000000e28: 300d3073340197f3
Writing ELF word to SRAM addr 0000000000000e29: 300ea073300d3073
Writing ELF word to SRAM addr 0000000000000e2a: c03091d3c0313a53
Writing ELF word to SRAM addr 0000000000000e2b: a28287d38e3a059b
Writing ELF word to SRAM addr 0000000000000e2c: 0035907308000593
Writing ELF word to SRAM addr 0000000000000e2d: 300e2073300e2073
Writing ELF word to SRAM addr 0000000000000e2e: 300e20732023a153
Writing ELF word to SRAM addr 0000000000000e2f: c020ba532a6293d3
Writing ELF word to SRAM addr 0000000000000e30: 04000193dd47f4e3
Writing ELF word to SRAM addr 0000000000000e31: 0141dde300319073
Writing ELF word to SRAM addr 0000000000000e32: a26097d3a22397d3
Writing ELF word to SRAM addr 0000000000000e33: 300d3073d0358353
Writing ELF word to SRAM addr 0000000000000e34: d031c153300d3073
Writing ELF word to SRAM addr 0000000000000e35: 01a1da1b00319563
Writing ELF word to SRAM addr 0000000000000e36: 034667bb02f63633
Writing ELF word to SRAM addr 0000000000000e37: 328343cf9cfa6663
Writing ELF word to SRAM addr 0000000000000e38: c23096532a2090d3
Writing ELF word to SRAM addr 0000000000000e39: 22138453140a1673
Writing ELF word to SRAM addr 0000000000000e3a: 003a15bb30214447
Writing ELF word to SRAM addr 0000000000000e3b: c21431d340f7d59b
Writing ELF word to SRAM addr 0000000000000e3c: 2061115303458a33
Writing ELF word to SRAM addr 0000000000000e3d: 300e2073a02321d3
Writing ELF word to SRAM addr 0000000000000e3e: b030d073c010f7d3
Writing ELF word to SRAM addr 0000000000000e3f: a28415d3c233f7d3
Writing ELF word to SRAM addr 0000000000000e40: 54f3031300b61a1b
Writing ELF word to SRAM addr 0000000000000e41: c030ca5346c18ce3
Writing ELF word to SRAM addr 0000000000000e42: 2cf60d6333f65073
Writing ELF word to SRAM addr 0000000000000e43: 300d207302318a33
Writing ELF word to SRAM addr 0000000000000e44: a260a1d3300d2073
Writing ELF word to SRAM addr 0000000000000e45: c232c65333f1d073
Writing ELF word to SRAM addr 0000000000000e46: c691859bd22a70d3
Writing ELF word to SRAM addr 0000000000000e47: 33f150730031da3b
Writing ELF word to SRAM addr 0000000000000e48: 0236763bb0215073
Writing ELF word to SRAM addr 0000000000000e49: e0ba70e384fa42e3
Writing ELF word to SRAM addr 0000000000000e4a: 02c1d5bbf2078453
Writing ELF word to SRAM addr 0000000000000e4b: 142dda73a26117d3
Writing ELF word to SRAM addr 0000000000000e4c: 340591f35800b153
Writing ELF word to SRAM addr 0000000000000e4d: 300d3073300d3073
Writing ELF word to SRAM addr 0000000000000e4e: 10142153d027b0d3
Writing ELF word to SRAM addr 0000000000000e4f: 300d2073300d2073
Writing ELF word to SRAM addr 0000000000000e50: c23107d3d02a20d3
Writing ELF word to SRAM addr 0000000000000e51: 300d3073c02295d3
Writing ELF word to SRAM addr 0000000000000e52: 5eb5e6e3300d3073
Writing ELF word to SRAM addr 0000000000000e53: 300e2073142e5a73
Writing ELF word to SRAM addr 0000000000000e54: 300d3073300db073
Writing ELF word to SRAM addr 0000000000000e55: 300d3073300d3073
Writing ELF word to SRAM addr 0000000000000e56: 01ba5a1b300d3073
Writing ELF word to SRAM addr 0000000000000e57: 300e3073d225a2d3
Writing ELF word to SRAM addr 0000000000000e58: b030d07328541453
Writing ELF word to SRAM addr 0000000000000e59: 300d3073c233c1d3
Writing ELF word to SRAM addr 0000000000000e5a: c02471d3300d3073
Writing ELF word to SRAM addr 0000000000000e5b: c02431d3c23441d3
Writing ELF word to SRAM addr 0000000000000e5c: 02359a33300eb073
Writing ELF word to SRAM addr 0000000000000e5d: 300d3073300d3073
Writing ELF word to SRAM addr 0000000000000e5e: 3423da731427d1f3
Writing ELF word to SRAM addr 0000000000000e5f: 340615f302f641bb
Writing ELF word to SRAM addr 0000000000000e60: 300e307333f05073
Writing ELF word to SRAM addr 0000000000000e61: 02b597b3300eb073
Writing ELF word to SRAM addr 0000000000000e62: 300db073300e2073
Writing ELF word to SRAM addr 0000000000000e63: 300d3073300d3073
Writing ELF word to SRAM addr 0000000000000e64: 300db073300e2073
Writing ELF word to SRAM addr 0000000000000e65: 18c79de302b6063b
Writing ELF word to SRAM addr 0000000000000e66: e141d1e300ca5a1b
Writing ELF word to SRAM addr 0000000000000e67: 3423d5f3b0215073
Writing ELF word to SRAM addr 0000000000000e68: b032d0730345863b
Writing ELF word to SRAM addr 0000000000000e69: 023671bb300ea073
Writing ELF word to SRAM addr 0000000000000e6a: 202082d3c23325d3
Writing ELF word to SRAM addr 0000000000000e6b: 0031907304000193
Writing ELF word to SRAM addr 0000000000000e6c: 300e3073e20101d3
Writing ELF word to SRAM addr 0000000000000e6d: 174a10e310528453
Writing ELF word to SRAM addr 0000000000000e6e: c2239a53c23401d3
Writing ELF word to SRAM addr 0000000000000e6f: d0319453d035c153
Writing ELF word to SRAM addr 0000000000000e70: 300d3073300d3073
Writing ELF word to SRAM addr 0000000000000e71: 300db073300e2073
Writing ELF word to SRAM addr 0000000000000e72: 3224344f2a2282cf
Writing ELF word to SRAM addr 0000000000000e73: d031a453300e3073
Writing ELF word to SRAM addr 0000000000000e74: 300e2073e20381d3
Writing ELF word to SRAM addr 0000000000000e75: f001815314215673
Writing ELF word to SRAM addr 0000000000000e76: 300db073300e2073
Writing ELF word to SRAM addr 0000000000000e77: d235c0d3e20385d3
Writing ELF word to SRAM addr 0000000000000e78: 300d2073300d2073
Writing ELF word to SRAM addr 0000000000000e79: 33f7d0731423d7f3
Writing ELF word to SRAM addr 0000000000000e7a: 023675bbe20401d3
Writing ELF word to SRAM addr 0000000000000e7b: 300e2073c2130653
Writing ELF word to SRAM addr 0000000000000e7c: c02101d302c677bb
Writing ELF word to SRAM addr 0000000000000e7d: 034a063bd021b0d3
Writing ELF word to SRAM addr 0000000000000e7e: b036d073e2028a53
Writing ELF word to SRAM addr 0000000000000e7f: 007310d3d235b153
Writing ELF word to SRAM addr 0000000000000e80: a02425d3d22a23d3
Writing ELF word to SRAM addr 0000000000000e81: 0eba62e3414607bb
Writing ELF word to SRAM addr 0000000000000e82: 0250f153c23297d3
Writing ELF word to SRAM addr 0000000000000e83: d03a41532831cfe3
Writing ELF word to SRAM addr 0000000000000e84: a26305d39d47e063
Writing ELF word to SRAM addr 0000000000000e85: 1012814314079673
Writing ELF word to SRAM addr 0000000000000e86: c0209a530023f353
Writing ELF word to SRAM addr 0000000000000e87: d0161153b027d073
Writing ELF word to SRAM addr 0000000000000e88: 48ca0c63c88021b7
Writing ELF word to SRAM addr 0000000000000e89: 034661b302ba65bb
Writing ELF word to SRAM addr 0000000000000e8a: 140595f3140a15f3
Writing ELF word to SRAM addr 0000000000000e8b: 142cd5f302c5ca3b
Writing ELF word to SRAM addr 0000000000000e8c: 3250a14fc557d1b7
Writing ELF word to SRAM addr 0000000000000e8d: b0325073d14643e3
Writing ELF word to SRAM addr 0000000000000e8e: 287111534ef1f663
Writing ELF word to SRAM addr 0000000000000e8f: 340795f3354a4863
Writing ELF word to SRAM addr 0000000000000e90: f4f5c663300e3073
Writing ELF word to SRAM addr 0000000000000e91: 0035907300000593
Writing ELF word to SRAM addr 0000000000000e92: 300e2073c2309653
Writing ELF word to SRAM addr 0000000000000e93: d23780d30345b633
Writing ELF word to SRAM addr 0000000000000e94: c010f5d3300e2073
Writing ELF word to SRAM addr 0000000000000e95: 300d2073081130d3
Writing ELF word to SRAM addr 0000000000000e96: 300d2073300d2073
Writing ELF word to SRAM addr 0000000000000e97: d0267153300d2073
Writing ELF word to SRAM addr 0000000000000e98: 97458e63f0018353
Writing ELF word to SRAM addr 0000000000000ef8: 142551f3300e3073
Writing ELF word to SRAM addr 0000000000000ef9: 300d207302fa41b3
Writing ELF word to SRAM addr 0000000000000efa: 0347c5b3300d2073
Writing ELF word to SRAM addr 0000000000000efb: 300d307381e78593
Writing ELF word to SRAM addr 0000000000000efc: 0341f5bb300d3073
Writing ELF word to SRAM addr 0000000000000efd: 300d2073300d2073
Writing ELF word to SRAM addr 0000000000000efe: 300d2073300d2073
Writing ELF word to SRAM addr 0000000000000eff: 142555f3140a1a73
Writing ELF word to SRAM addr 0000000000000f00: 300d307340ba0a3b
Writing ELF word to SRAM addr 0000000000000f01: 0235863b300d3073
Writing ELF word to SRAM addr 0000000000000f02: 00000000f745d863
Writing ELF word to SRAM addr 000000000000105c: 034a11b3342155f3
Writing ELF word to SRAM addr 000000000000105d: a0828353014a15bb
Writing ELF word to SRAM addr 000000000000105e: 02b621b31a810153
Writing ELF word to SRAM addr 000000000000105f: e20107d35aca6863
Writing ELF word to SRAM addr 0000000000001060: 2a138153c03291d3
Writing ELF word to SRAM addr 0000000000001061: e00407d3d201c3d3
Writing ELF word to SRAM addr 0000000000001062: 300db073300e2073
Writing ELF word to SRAM addr 0000000000001063: 0237b1b3300e2073
Writing ELF word to SRAM addr 0000000000001064: 300db073300e2073
Writing ELF word to SRAM addr 0000000000001065: d02614532a5293d3
Writing ELF word to SRAM addr 0000000000001066: 1421da731852b3d3
Writing ELF word to SRAM addr 0000000000001067: c02081d3127293cb
Writing ELF word to SRAM addr 0000000000001068: 128343d302ba05bb
Writing ELF word to SRAM addr 0000000000001069: 673a0a1310c36963
Writing ELF word to SRAM addr 000000000000106a: b0255073142b5a73
Writing ELF word to SRAM addr 000000000000106b: b0335073034a5333
Writing ELF word to SRAM addr 000000000000106c: 7ffed337b0f1eee3
Writing ELF word to SRAM addr 000000000000106d: 33f6d07302c1f5b3
Writing ELF word to SRAM addr 000000000000106e: 80b658e3300e2073
Writing ELF word to SRAM addr 000000000000106f: 2c37d063e20105d3
Writing ELF word to SRAM addr 0000000000001070: e00101d32080a153
Writing ELF word to SRAM addr 0000000000001071: 300d3073300d3073
Writing ELF word to SRAM addr 0000000000001072: c2331653b0275073
Writing ELF word to SRAM addr 0000000000001073: 300d3073300d3073
Writing ELF word to SRAM addr 0000000000001074: 02f58a33a253a7d3
Writing ELF word to SRAM addr 0000000000001075: 140191f33422da73
Writing ELF word to SRAM addr 0000000000001076: d22a13d3e2041a53
Writing ELF word to SRAM addr 0000000000001077: 0000000074f7dc63
Writing ELF word to SRAM addr 00000000000010ee: 0025907300000593
Writing ELF word to SRAM addr 00000000000010ef: 33f6507333f0d073
Writing ELF word to SRAM addr 00000000000010f0: 300e2073085172d3
Writing ELF word to SRAM addr 00000000000010f1: 80b1e2e3300db073
Writing ELF word to SRAM addr 00000000000010f2: 3421da73b8ba59e3
Writing ELF word to SRAM addr 00000000000010f3: 33f05073222082d3
Writing ELF word to SRAM addr 00000000000010f4: 1ec64163d021b353
Writing ELF word to SRAM addr 00000000000010f5: d8b60de3d23a02d3
Writing ELF word to SRAM addr 00000000000010f6: 300db073300e2073
Writing ELF word to SRAM addr 00000000000010f7: 142351f3300eb073
Writing ELF word to SRAM addr 00000000000010f8: 000000008141d063
Writing ELF word to SRAM addr 0000000000001162: 300d2073300d2073
Writing ELF word to SRAM addr 0000000000001163: 12b1dc63d03a4453
Writing ELF word to SRAM addr 0000000000001164: 1429d1f342040153
Writing ELF word to SRAM addr 0000000000001165: 0010a0d3b023d073
Writing ELF word to SRAM addr 0000000000001166: 300d2073007413d3
Writing ELF word to SRAM addr 0000000000001167: 300d2073300d2073
Writing ELF word to SRAM addr 0000000000001168: 02365a33300d2073
Writing ELF word to SRAM addr 0000000000001169: 140615f30a13b34b
Writing ELF word to SRAM addr 000000000000116a: 300db073300e2073
Writing ELF word to SRAM addr 000000000000116b: 10809343d0078353
Writing ELF word to SRAM addr 000000000000116c: d22581530235f5b3
Writing ELF word to SRAM addr 000000000000116d: c030fa531cf1ca13
Writing ELF word to SRAM addr 000000000000116e: 33f2d0734013f153
Writing ELF word to SRAM addr 000000000000116f: 300d2073300d2073
Writing ELF word to SRAM addr 0000000000001170: d2358353140617f3
Writing ELF word to SRAM addr 0000000000001171: c0337a534eb591e3
Writing ELF word to SRAM addr 0000000000001172: e20105d3387280c3
Writing ELF word to SRAM addr 0000000000001173: 300d3073300d3073
Writing ELF word to SRAM addr 0000000000001174: a0211653b022d073
Writing ELF word to SRAM addr 0000000000001175: 3223c147d035c353
Writing ELF word to SRAM addr 0000000000001176: 01d6579b300e2073
Writing ELF word to SRAM addr 0000000000001177: 300e3073d23a2153
Writing ELF word to SRAM addr 0000000000001178: f20603d33426d7f3
Writing ELF word to SRAM addr 0000000000001179: 02f655bbf2078153
Writing ELF word to SRAM addr 000000000000117a: 300d2073c22377d3
Writing ELF word to SRAM addr 000000000000117b: 142cd7f3300d2073
Writing ELF word to SRAM addr 000000000000117c: 300d2073300d2073
Writing ELF word to SRAM addr 000000000000117d: b020d07302ca75b3
Writing ELF word to SRAM addr 000000000000117e: 40b5d63b02fa27b3
Writing ELF word to SRAM addr 000000000000117f: 300d20730010f3d3
Writing ELF word to SRAM addr 0000000000001180: c2314653300d2073
Writing ELF word to SRAM addr 0000000000001181: 40c1d593d0260153
Writing ELF word to SRAM addr 0000000000001182: d03670d3401120d3
Writing ELF word to SRAM addr 0000000000001183: 02f5863bc02117d3
Writing ELF word to SRAM addr 0000000000001184: 300d2073300d2073
Writing ELF word to SRAM addr 0000000000001185: d20623d3d0162153
Writing ELF word to SRAM addr 0000000000001186: 42047153e2010653
Writing ELF word to SRAM addr 0000000000001187: 305100cbd03a2453
Writing ELF word to SRAM addr 0000000000001188: 00000000b2b618e3
Writing ELF word to SRAM addr 000000000000fac2: 3426da73a08411d3
Writing ELF word to SRAM addr 000000000000fac3: 300d2073300d2073
Writing ELF word to SRAM addr 000000000000fac4: 300e20734e35cde3
Writing ELF word to SRAM addr 000000000000fac5: d017b3d3d20a43d3
Writing ELF word to SRAM addr 000000000000fac6: 300e3073934a4b63
Writing ELF word to SRAM addr 000000000000fac7: 300d3073cb4652e3
Writing ELF word to SRAM addr 000000000000fac8: d201f353300d3073
Writing ELF word to SRAM addr 000000000000fac9: c03415d346c5efe3
Writing ELF word to SRAM addr 000000000000faca: c022b7d3623613e3
Writing ELF word to SRAM addr 000000000000facb: 28140353300e3073
Writing ELF word to SRAM addr 000000000000facc: 300d3073a07411d3
Writing ELF word to SRAM addr 000000000000facd: d0233353300d3073
Writing ELF word to SRAM addr 000000000000face: 205123d3300e3073
Writing ELF word to SRAM addr 000000000000facf: b035d073142c5a73
Writing ELF word to SRAM addr 000000000000fad0: 3425da7333f25073
Writing ELF word to SRAM addr 000000000000fad1: 300db073300e2073
Writing ELF word to SRAM addr 000000000000fad2: 106103d3142951f3
Writing ELF word to SRAM addr 000000000000fad3: 140191f3d23a33d3
Writing ELF word to SRAM addr 000000000000fad4: 122172d30235f5b3
Writing ELF word to SRAM addr 000000000000fad5: 300e20734202a2d3
Writing ELF word to SRAM addr 000000000000fad6: b022507302f195b3
Writing ELF word to SRAM addr 000000000000fad7: 300d2073300d2073
Writing ELF word to SRAM addr 000000000000fad8: 300e30731425da73
Writing ELF word to SRAM addr 000000000000fad9: b034507334275373
Writing ELF word to SRAM addr 000000000000fada: 300d30731852b353
Writing ELF word to SRAM addr 000000000000fadb: 142e5373300d3073
Writing ELF word to SRAM addr 000000000000fadc: 142757f354998993
Writing ELF word to SRAM addr 000000000000fadd: 206080d30231e63b
Writing ELF word to SRAM addr 000000000000fade: 186113d3f20582d3
Writing ELF word to SRAM addr 000000000000fadf: 221200d3401122d3
Writing ELF word to SRAM addr 000000000000fae0: f20301532a5313d3
Writing ELF word to SRAM addr 000000000000fae1: d0233153d007b153
Writing ELF word to SRAM addr 000000000000fae2: c00445d3b0215073
Writing ELF word to SRAM addr 000000000000fae3: 000000004e6a7c63
Writing ELF word to SRAM addr 000000000000fb82: d22314533426d1f3
Writing ELF word to SRAM addr 000000000000fb83: 300db073300e2073
Writing ELF word to SRAM addr 000000000000fb84: 0086579b300e3073
Writing ELF word to SRAM addr 000000000000fb85: 580320d3300e3073
Writing ELF word to SRAM addr 000000000000fb86: c01471d3300e2073
Writing ELF word to SRAM addr 000000000000fb87: 207093d3c22327d3
Writing ELF word to SRAM addr 000000000000fb88: d23590d33423d5f3
Writing ELF word to SRAM addr 000000000000fb89: 0000000022b66463
Writing ELF word to SRAM addr 000000000000fbce: 02c7f5b3300eb073
Writing ELF word to SRAM addr 000000000000fbcf: b023d0730231c5bb
Writing ELF word to SRAM addr 000000000000fbd0: 0065963334031673
Writing ELF word to SRAM addr 000000000000fbd1: 300d2073300d2073
Writing ELF word to SRAM addr 000000000000fbd2: 02f7e1bb134303e3
Writing ELF word to SRAM addr 000000000000fbd3: 300e20733421d5f3
Writing ELF word to SRAM addr 000000000000fbd4: 300d2073300d2073
Writing ELF word to SRAM addr 000000000000fbd5: 140311f30cf65663
Writing ELF word to SRAM addr 000000000000fbd6: 1421d5f33427d5f3
Writing ELF word to SRAM addr 000000000000fbd7: 300d3073300e2073
Writing ELF word to SRAM addr 000000000000fbd8: b0215073300d3073
Writing ELF word to SRAM addr 000000000000fbd9: 300d207302b5f7bb
Writing ELF word to SRAM addr 000000000000fbda: b0365073300d2073
Writing ELF word to SRAM addr 000000000000fbdb: 300db073300e2073
Writing ELF word to SRAM addr 000000000000fbdc: 0287979340f585b3
Writing ELF word to SRAM addr 000000000000fbdd: 300e307351c62313
Writing ELF word to SRAM addr 000000000000fbde: 00c1d3333431eb63
Writing ELF word to SRAM addr 000000000000fbdf: 76f5e3e3023a5a33
Writing ELF word to SRAM addr 000000000000fbe0: 3406167300b65a3b
Writing ELF word to SRAM addr 000000000000fbe1: 300e2073b037d073
Writing ELF word to SRAM addr 000000000000fbe2: 300d2073300db073
Writing ELF word to SRAM addr 000000000000fbe3: 30334763300d2073
Writing ELF word to SRAM addr 000000000000fbe4: 14061673300ea073
Writing ELF word to SRAM addr 000000000000fbe5: 2a1310d33eca0463
Writing ELF word to SRAM addr 000000000000fbe6: 4ec581e3f00a0353
Writing ELF word to SRAM addr 000000000000fbe7: 300d3073c03311d3
Writing ELF word to SRAM addr 000000000000fbe8: d237b3d3300d3073
Writing ELF word to SRAM addr 000000000000fbe9: 300d3073300d3073
Writing ELF word to SRAM addr 000000000000fbea: 300d3073300d3073
Writing ELF word to SRAM addr 000000000000fbeb: 02c647bbd021b153
Writing ELF word to SRAM addr 000000000000fbec: 33f3507302335333
Writing ELF word to SRAM addr 000000000000fbed: 1a54215333f2d073
Writing ELF word to SRAM addr 000000000000fbee: 300d307312540143
Writing ELF word to SRAM addr 000000000000fbef: 6b429a6f300d3073
Writing ELF word to SRAM addr 000000000000fbf6: 340791f3021412c3
Writing ELF word to SRAM addr 000000000000fbf7: 206093d3c22135d3
Writing ELF word to SRAM addr 000000000000fbf8: d233135381d1879b
Writing ELF word to SRAM addr 000000000000fbf9: 300e207340b6563b
Writing ELF word to SRAM addr 000000000000fbfa: 3273f2cb46b60263
Writing ELF word to SRAM addr 000000000000fbfb: 02c5d5bb2a64044b
Writing ELF word to SRAM addr 000000000000fbfc: 02b6563bc21477d3
Writing ELF word to SRAM addr 000000000000fbfd: 300d30730a5170c3
Writing ELF word to SRAM addr 000000000000fbfe: 02c315b3300d3073
Writing ELF word to SRAM addr 000000000000fbff: 00f66333300e2073
Writing ELF word to SRAM addr 000000000000fc00: c2011353086290d3
Writing ELF word to SRAM addr 000000000000fc01: 02c181bba020a7d3
Writing ELF word to SRAM addr 000000000000fc02: 0037863b2a5002d3
Writing ELF word to SRAM addr 000000000000fc03: 140191f3140611f3
Writing ELF word to SRAM addr 000000000000fc04: e2038a53b0255073
Writing ELF word to SRAM addr 000000000000fc05: 300e207356c59463
Writing ELF word to SRAM addr 000000000000fc06: 0a1083d3403355b3
Writing ELF word to SRAM addr 000000000000fc07: 33f65073c2344a53
Writing ELF word to SRAM addr 000000000000fc08: 300d3073300d3073
Writing ELF word to SRAM addr 000000000000fc09: c22407d3340797f3
Writing ELF word to SRAM addr 000000000000fc0a: d22793d3b0315073
Writing ELF word to SRAM addr 000000000000fc0b: d031f353d025a153
Writing ELF word to SRAM addr 000000000000fc0c: 414a05b3a22285d3
Writing ELF word to SRAM addr 000000000000fc0d: 140191f3d0232353
Writing ELF word to SRAM addr 000000000000fc0e: 0267d7bb33f6d073
Writing ELF word to SRAM addr 000000000000fc0f: 034a45bb300e2073
Writing ELF word to SRAM addr 000000000000fc10: 300db073300e2073
Writing ELF word to SRAM addr 000000000000fc11: 14245373b0215073
Writing ELF word to SRAM addr 000000000000fc12: e20107d33427d7f3
Writing ELF word to SRAM addr 000000000000fc13: 300e2073d021b0d3
Writing ELF word to SRAM addr 000000000000fc14: 300d307302f335b3
Writing ELF word to SRAM addr 000000000000fc15: 02c1ea3b300d3073
Writing ELF word to SRAM addr 000000000000fc16: c23097d3546a7c63
Writing ELF word to SRAM addr 000000000000fc17: 246186e300b677b3
Writing ELF word to SRAM addr 000000000000fc18: 06000313414781bb
Writing ELF word to SRAM addr 000000000000fc19: 2020935300331073
Writing ELF word to SRAM addr 000000000000fc1a: f20300d3e2008353
Writing ELF word to SRAM addr 000000000000fc1b: d227f353f20a0453
Writing ELF word to SRAM addr 000000000000fc1c: 300d2073300d2073
Writing ELF word to SRAM addr 000000000000fc1d: c032f7d3340197f3
Writing ELF word to SRAM addr 000000000000fc1e: 300db073300e2073
Writing ELF word to SRAM addr 000000000000fc1f: 33f65073d021f0d3
Writing ELF word to SRAM addr 000000000000fc20: b0255073a2238a53
Writing ELF word to SRAM addr 000000000000fc21: 300d3073026a61bb
Writing ELF word to SRAM addr 000000000000fc22: c2232a53300d3073
Writing ELF word to SRAM addr 000000000000fc23: 300d3073300d3073
Writing ELF word to SRAM addr 000000000000fc24: 0261ca3b0347c7b3
Writing ELF word to SRAM addr 000000000000fc25: 300db073300e2073
Writing ELF word to SRAM addr 000000000000fc26: 408113cb3a8303c3
Writing ELF word to SRAM addr 000000000000fc27: 2cb5e0e3f20582d3
Writing ELF word to SRAM addr 000000000000fc28: c2234a5322629153
Writing ELF word to SRAM addr 000000000000fc29: 300e2073a2612353
Writing ELF word to SRAM addr 000000000000fc2a: ca318e6333f55073
Writing ELF word to SRAM addr 000000000000fc64: a203a1d333f65073
Writing ELF word to SRAM addr 000000000000fc65: 300e2073d0018053
Writing ELF word to SRAM addr 000000000000fc66: 1426d7f3300db073
Writing ELF word to SRAM addr 000000000000fc67: 4260c147c23045d3
Writing ELF word to SRAM addr 000000000000fc68: 02c307bb142d5673
Writing ELF word to SRAM addr 000000000000fc69: 300e20730231c63b
Writing ELF word to SRAM addr 000000000000fc6a: d235f053a25281d3
Writing ELF word to SRAM addr 000000000000fc6b: 300d2073300d2073
Writing ELF word to SRAM addr 000000000000fc6c: 300e2073300e3073
Writing ELF word to SRAM addr 000000000000fc6d: 00000313300db073
Writing ELF word to SRAM addr 000000000000fc6e: 02f6c7bb00231073
Writing ELF word to SRAM addr 000000000000fc6f: 026795b31203c153
Writing ELF word to SRAM addr 000000000000fc70: 1ef5f8e3140311f3
Writing ELF word to SRAM addr 000000000000fc71: b0275073f2018053
Writing ELF word to SRAM addr 000000000000fc72: 1822215342542047
Writing ELF word to SRAM addr 000000000000fc73: c03097d3300e2073
Writing ELF word to SRAM addr 000000000000fc74: 9971861b340611f3
Writing ELF word to SRAM addr 000000000000fc75: 300d207354c649e3
Writing ELF word to SRAM addr 000000000000fc76: b027d073300d2073
Writing ELF word to SRAM addr 000000000000fc77: 342551f3c03175d3
Writing ELF word to SRAM addr 000000000000fc78: 14295373300e3073
Writing ELF word to SRAM addr 000000000000fc79: 1061134bb030d073
Writing ELF word to SRAM addr 000000000000fc7a: 1423d37302b5f1b3
Writing ELF word to SRAM addr 000000000000fc7b: 42031353b0355073
Writing ELF word to SRAM addr 000000000000fc7c: 02713353e20397d3
Writing ELF word to SRAM addr 000000000000fc7d: d207f153005402d3
Writing ELF word to SRAM addr 000000000000fc7e: 0235833b5a038453
Writing ELF word to SRAM addr 000000000000fc7f: 02000313c0240353
Writing ELF word to SRAM addr 000000000000fc80: 300e307300331073
Writing ELF word to SRAM addr 000000000000fc81: 300e207302b795b3
Writing ELF word to SRAM addr 000000000000fc82: b0335073b023d073
Writing ELF word to SRAM addr 000000000000fc83: 300d307358014453
Writing ELF word to SRAM addr 000000000000fc84: a0831353300d3073
Writing ELF word to SRAM addr 000000000000fc85: c2c304e3c02435d3
Writing ELF word to SRAM addr 000000000000fc86: d21331533426d1f3
Writing ELF word to SRAM addr 000000000000fc87: d03313d334205673
Writing ELF word to SRAM addr 000000000000fc88: d22792d300f595bb
Writing ELF word to SRAM addr 000000000000fc89: 342757f3d2330453
Writing ELF word to SRAM addr 000000000000fc8a: 300db073300e2073
Writing ELF word to SRAM addr 000000000000fc8b: 300d3073c0234353
Writing ELF word to SRAM addr 000000000000fc8c: c030b353300d3073
Writing ELF word to SRAM addr 000000000000fc8d: 300d2073300d2073
Writing ELF word to SRAM addr 000000000000fc8e: 02c7f5bbd00312d3
Writing ELF word to SRAM addr 000000000000fc8f: 300d2073300d2073
Writing ELF word to SRAM addr 000000000000fc90: 3420d373a220a653
Writing ELF word to SRAM addr 000000000000fc91: 0235d33bd0379453
Writing ELF word to SRAM addr 000000000000fc92: b020d073f20300d3
Writing ELF word to SRAM addr 000000000000fc93: e00111d3300e3073
Writing ELF word to SRAM addr 000000000000fc94: 300d30732a12f147
Writing ELF word to SRAM addr 000000000000fc95: 2dc62313300d3073
Writing ELF word to SRAM addr 000000000000fc96: d2260153b0365073
Writing ELF word to SRAM addr 000000000000fc97: 300d3073300d3073
Writing ELF word to SRAM addr 000000000000fc98: 300d2073c030f653
Writing ELF word to SRAM addr 000000000000fc99: 026305b3300d2073
Writing ELF word to SRAM addr 000000000000fc9a: 03e18193d0264153
Writing ELF word to SRAM addr 000000000000fc9b: d0367453c2338653
Writing ELF word to SRAM addr 000000000000fc9c: 300e2073c2242653
Writing ELF word to SRAM addr 000000000000fc9d: 1010344b3420d673
Writing ELF word to SRAM addr 000000000000fc9e: 4200335302f6633b
Writing ELF word to SRAM addr 000000000000fc9f: 222420d3a25291d3
Writing ELF word to SRAM addr 000000000000fca0: 300d207333f45073
Writing ELF word to SRAM addr 000000000000fca1: d0362353300d2073
Writing ELF word to SRAM addr 000000000000fca2: 33f3d07302c5a333
Writing ELF word to SRAM addr 000000000000fca3: c021235302f6633b
Writing ELF word to SRAM addr 000000000000fca4: c4b61d63c223a1d3
Writing ELF word to SRAM addr 000000000000fca5: 026305b3300e3073
Writing ELF word to SRAM addr 000000000000fca6: 94667e63a22115d3
Writing ELF word to SRAM addr 000000000000fca7: 3063c44fd0019153
Writing ELF word to SRAM addr 000000000000fca8: c2332353d2232353
Writing ELF word to SRAM addr 000000000000fca9: d021b15302c351bb
Writing ELF word to SRAM addr 000000000000fcaa: b027d0737cf5efe3
Writing ELF word to SRAM addr 000000000000fcab: 14079673e20111d3
Writing ELF word to SRAM addr 000000000000fcac: 00000000a4c608e3
Writing ELF word to SRAM addr 000000000000fd1c: 0004978fd02073d3
Writing ELF word to SRAM addr 000000000000fd1d: 2a3214533d49f2e3
Writing ELF word to SRAM addr 000000000000fd1e: 300d3073300d3073
Writing ELF word to SRAM addr 000000000000fd1f: 300d30732a8410d3
Writing ELF word to SRAM addr 000000000000fd20: 0252c0d3300d3073
Writing ELF word to SRAM addr 000000000000fd21: 0ff0860f4012f453
Writing ELF word to SRAM addr 000000000000fd22: d2379453140617f3
Writing ELF word to SRAM addr 000000000000fd23: 6ca5ea63d226b153
Writing ELF word to SRAM addr 000000000000fd24: 0001918f287093d3
Writing ELF word to SRAM addr 000000000000fd25: b9a466370000158f
Writing ELF word to SRAM addr 000000000000fd26: c01095d3034679bb
Writing ELF word to SRAM addr 000000000000fd27: c22387d30ff9860f
Writing ELF word to SRAM addr 000000000000fd28: 0ff5878fb034d073
Writing ELF word to SRAM addr 000000000000fd29: c220a653284423c7
Writing ELF word to SRAM addr 000000000000fd2a: 000000005cb58863
Writing ELF word to SRAM addr 000000000000fde4: 0005978fe20085d3
Writing ELF word to SRAM addr 000000000000fde5: 02f66333342055f3
Writing ELF word to SRAM addr 000000000000fde6: d027a35310112447
Writing ELF word to SRAM addr 000000000000fde7: 140997f3c0137653
Writing ELF word to SRAM addr 000000000000fde8: 226180d3300e3073
Writing ELF word to SRAM addr 000000000000fde9: 0ff1860f140a97f3
Writing ELF word to SRAM addr 000000000000fdea: 0007960f02966993
Writing ELF word to SRAM addr 000000000000fdeb: 300e2073b0275073
Writing ELF word to SRAM addr 000000000000fdec: a07419d312e6819b
Writing ELF word to SRAM addr 000000000000fded: d0331353a889e993
Writing ELF word to SRAM addr 000000000000fdee: 340317f322218153
Writing ELF word to SRAM addr 000000000000fdef: 12111353342759f3
Writing ELF word to SRAM addr 000000000000fdf0: 0ff7898f0003160f
Writing ELF word to SRAM addr 000000000000fdf1: 300d3073300d3073
Writing ELF word to SRAM addr 000000000000fdf2: a220a5d301f9d31b
Writing ELF word to SRAM addr 000000000000fdf3: 20530153c2243353
Writing ELF word to SRAM addr 000000000000fdf4: 142c55f301d6179b
Writing ELF word to SRAM addr 000000000000fdf5: d237a0d312117043
Writing ELF word to SRAM addr 000000000000fdf6: 00f317bb02b655bb
Writing ELF word to SRAM addr 000000000000fdf7: c030935302101353
Writing ELF word to SRAM addr 000000000000fdf8: c22141d3c0301353
Writing ELF word to SRAM addr 000000000000fdf9: 340315f3e20305d3
Writing ELF word to SRAM addr 000000000000fdfa: d03343d3b035d073
Writing ELF word to SRAM addr 000000000000fdfb: 142f57f30237e5bb
Writing ELF word to SRAM addr 000000000000fdfc: b026d073e2031353
Writing ELF word to SRAM addr 000000000000fdfd: 33f5d073d02322d3
Writing ELF word to SRAM addr 000000000000fdfe: 00b3519b201082d3
Writing ELF word to SRAM addr 000000000000fdff: a022a7d3013315bb
Writing ELF word to SRAM addr 000000000000fe00: 142055f32040a453
Writing ELF word to SRAM addr 000000000000fe01: 7ffed9b7e0008353
Writing ELF word to SRAM addr 000000000000fe02: 00000000b065d863
Writing ELF word to SRAM addr 000000000000fe6a: 300d3073300e3073
Writing ELF word to SRAM addr 000000000000fe6b: 417185bb300d3073
Writing ELF word to SRAM addr 000000000000fe6c: d671fe63d02272d3
Writing ELF word to SRAM addr 0000000000014dd6: 300db073300e2073
Writing ELF word to SRAM addr 0000000000014dd7: 5803a453f4c1fde3
Writing ELF word to SRAM addr 0000000000014dd8: 4037863b2a238153
Writing ELF word to SRAM addr 0000000000014dd9: 0a84315302b5d1bb
Writing ELF word to SRAM addr 0000000000014dda: 300d2073300d2073
Writing ELF word to SRAM addr 0000000000014ddb: d025a153b034d073
Writing ELF word to SRAM addr 0000000000014ddc: 3810c2c7c023b1d3
Writing ELF word to SRAM addr 0000000000014ddd: 300db073300e2073
Writing ELF word to SRAM addr 0000000000014dde: c02395d3122133c7
Writing ELF word to SRAM addr 0000000000014ddf: 6e35c36322b7d363
Writing ELF word to SRAM addr 0000000000014de0: 026667bb142c51f3
Writing ELF word to SRAM addr 0000000000014de1: 300d2073300d2073
Writing ELF word to SRAM addr 0000000000014de2: 300d2073300eb073
Writing ELF word to SRAM addr 0000000000014de3: b0255073300d2073
Writing ELF word to SRAM addr 0000000000014de4: 3ec34de300b5d7bb
Writing ELF word to SRAM addr 0000000000014de5: 300d2073300d2073
Writing ELF word to SRAM addr 0000000000014de6: 300d2073300d2073
Writing ELF word to SRAM addr 0000000000014de7: 300d3073300d3073
Writing ELF word to SRAM addr 0000000000014de8: 02f7f63bb027d073
Writing ELF word to SRAM addr 0000000000014de9: 300d307314061673
Writing ELF word to SRAM addr 0000000000014dea: b024d073300d3073
Writing ELF word to SRAM addr 0000000000014deb: 300d307302662333
Writing ELF word to SRAM addr 0000000000014dec: 300e2073300d3073
Writing ELF word to SRAM addr 0000000000014ded: b034507302c6533b
Writing ELF word to SRAM addr 0000000000014dee: 300e3073300e3073
Writing ELF word to SRAM addr 0000000000014def: 300ea0730715859b
Writing ELF word to SRAM addr 0000000000014df0: a22381d3225412d3
Writing ELF word to SRAM addr 0000000000014df1: 300d20731037e7e3
Writing ELF word to SRAM addr 0000000000014df2: f20602d3300d2073
Writing ELF word to SRAM addr 0000000000014df3: 300e2073d6d1861b
Writing ELF word to SRAM addr 0000000000014df4: a0708353300db073
Writing ELF word to SRAM addr 0000000000014df5: 2a5123c7b0225073
Writing ELF word to SRAM addr 0000000000014df6: 300d2073300d2073
Writing ELF word to SRAM addr 0000000000014df7: 101313c3b025d073
Writing ELF word to SRAM addr 0000000000014df8: 222300d3140617f3
Writing ELF word to SRAM addr 0000000000014df9: 300d307333f3d073
Writing ELF word to SRAM addr 0000000000014dfa: 0236533b300d3073
Writing ELF word to SRAM addr 0000000000014dfb: 0231d7bb3427d673
Writing ELF word to SRAM addr 0000000000014dfc: a250a7d34cf641e3
Writing ELF word to SRAM addr 0000000000014dfd: d2b7fd63c200c353
Writing ELF word to SRAM addr 0000000000014dfe: 48c5c8e3300eb073
Writing ELF word to SRAM addr 0000000000014dff: 0261b5b301c3531b
Writing ELF word to SRAM addr 0000000000014e00: 7cf660e302c6033b
Writing ELF word to SRAM addr 0000000000014e01: 34031373d237c0e3
Writing ELF word to SRAM addr 0000000000014e02: 300d2073300e2073
Writing ELF word to SRAM addr 0000000000014e03: b025d073300d2073
Writing ELF word to SRAM addr 0000000000014e04: 3425d5f3c4f5cfe3
Writing ELF word to SRAM addr 0000000000014e05: 300d307333f35073
Writing ELF word to SRAM addr 0000000000014e06: 300d3073300d3073
Writing ELF word to SRAM addr 0000000000014e07: 003661b3300d3073
Writing ELF word to SRAM addr 0000000000014e08: 300d3073140615f3
Writing ELF word to SRAM addr 0000000000014e09: 94f18fe3300d3073
Writing ELF word to SRAM addr 0000000000014e0a: 300d2073300d2073
Writing ELF word to SRAM addr 0000000000014e0b: 02f355b3140595f3
Writing ELF word to SRAM addr 0000000000014e0c: b024d073b036d073
Writing ELF word to SRAM addr 0000000000014e0d: 300e20734035d5b3
Writing ELF word to SRAM addr 0000000000014e0e: b0305073300db073
Writing ELF word to SRAM addr 0000000000014e0f: 9ec588e360336f63
Writing ELF word to SRAM addr 0000000000014e10: 00b5931be5997797
Writing ELF word to SRAM addr 0000000000014e11: 300d3073300d3073
Writing ELF word to SRAM addr 0000000000014e12: 300d3073300d3073
Writing ELF word to SRAM addr 0000000000014e13: 300d207314295373
Writing ELF word to SRAM addr 0000000000014e14: 300d3073300d2073
Writing ELF word to SRAM addr 0000000000014e15: 300d2073300d3073
Writing ELF word to SRAM addr 0000000000014e16: 33f5d073300d2073
Writing ELF word to SRAM addr 0000000000014e17: 300d2073300d2073
Writing ELF word to SRAM addr 0000000000014e18: 300d3073300d3073
Writing ELF word to SRAM addr 0000000000014e19: 1426d373abfa0a13
Writing ELF word to SRAM addr 0000000000014e1a: 300d2073300d2073
Writing ELF word to SRAM addr 0000000000014e1b: 0000000046f78463
Writing ELF word to SRAM addr 0000000000014ea8: 01d7931b1420d5f3
Writing ELF word to SRAM addr 0000000000014ea9: 33f45073300e2073
Writing ELF word to SRAM addr 0000000000014eaa: 300d3073300d3073
Writing ELF word to SRAM addr 0000000000014eab: 1837856333f15073
Writing ELF word to SRAM addr 0000000000014eac: 142fd7f318c37de3
Writing ELF word to SRAM addr 0000000000014ead: 006615bb96c7859b
Writing ELF word to SRAM addr 0000000000014eae: 340793734a6663e3
Writing ELF word to SRAM addr 0000000000014eaf: 300db073300e2073
Writing ELF word to SRAM addr 0000000000014eb0: 300e2073b0205073
Writing ELF word to SRAM addr 0000000000014eb1: 02f5e1bb300db073
Writing ELF word to SRAM addr 0000000000014eb2: 02c7c5bbf2f18863
Writing ELF word to SRAM addr 0000000000014eb3: 3422d7f333f65073
Writing ELF word to SRAM addr 0000000000014eb4: 300d2073300e2073
Writing ELF word to SRAM addr 0000000000014eb5: bba1f193300d2073
Writing ELF word to SRAM addr 0000000000014eb6: 300d207302c5f5bb
Writing ELF word to SRAM addr 0000000000014eb7: 34031673300d2073
Writing ELF word to SRAM addr 0000000000014eb8: 300e307302c5d1b3
Writing ELF word to SRAM addr 0000000000014eb9: 300d2073300d2073
Writing ELF word to SRAM addr 0000000000014eba: 300db073300e2073
Writing ELF word to SRAM addr 0000000000014ebb: 30c787e3b0275073
Writing ELF word to SRAM addr 0000000000014ebc: b033d073b020d073
Writing ELF word to SRAM addr 0000000000014ebd: 300db073300e2073
Writing ELF word to SRAM addr 0000000000014ebe: b032d073142f5673
Writing ELF word to SRAM addr 0000000000014ebf: 000000003ac5cce3
Writing ELF word to SRAM addr 0000000000014ec6: d0233353300e3073
Writing ELF word to SRAM addr 0000000000014ec7: 3082c4471a13a2d3
Writing ELF word to SRAM addr 0000000000014ec8: c23447d3b0225073
Writing ELF word to SRAM addr 0000000000014ec9: 300e207333f5d073
Writing ELF word to SRAM addr 0000000000014eca: 140797f3300db073
Writing ELF word to SRAM addr 0000000000014ecb: d0278453c0033653
Writing ELF word to SRAM addr 0000000000014ecc: 33f3d07342013353
Writing ELF word to SRAM addr 0000000000014ecd: c2240a53d03a3153
Writing ELF word to SRAM addr 0000000000014ece: c001365322739353
Writing ELF word to SRAM addr 0000000000014ecf: d02a00d3d2234153
Writing ELF word to SRAM addr 0000000000014ed0: d0259453f20180d3
Writing ELF word to SRAM addr 0000000000014ed1: 300d3073300d3073
Writing ELF word to SRAM addr 0000000000014ed2: c222ba53d2259153
Writing ELF word to SRAM addr 0000000000014ed3: 300d207392f357e3
Writing ELF word to SRAM addr 0000000000014ed4: 300eb073300d2073
Writing ELF word to SRAM addr 0000000000014ed5: 342051f302f581bb
Writing ELF word to SRAM addr 0000000000014ed6: 01e3733301e9f9b3
Writing ELF word to SRAM addr 0000000000014ed7: 00699023013349b3
Writing ELF word to SRAM addr 0000000000014ed8: 663a6a1368ca5a63
Writing ELF word to SRAM addr 0000000000014ed9: 3427d7f300c1a5b3
Writing ELF word to SRAM addr 0000000000014eda: 300d2073026a61bb
Writing ELF word to SRAM addr 0000000000014edb: 034a733b300d2073
Writing ELF word to SRAM addr 0000000000014edc: 300e307333f65073
Writing ELF word to SRAM addr 0000000000014edd: 300d307382f5c0e3
Writing ELF word to SRAM addr 0000000000014ede: 3ab1dfe3300d3073
Writing ELF word to SRAM addr 0000000000014edf: 3407937302f5f1bb
Writing ELF word to SRAM addr 0000000000014ee0: 300e2073300ea073
Writing ELF word to SRAM addr 0000000000014ee1: b0255073300db073
Writing ELF word to SRAM addr 0000000000014ee2: 34225a73c03437d3
Writing ELF word to SRAM addr 0000000000014ee3: 300db073300e2073
Writing ELF word to SRAM addr 0000000000014ee4: 300d207322210453
Writing ELF word to SRAM addr 0000000000014ee5: b0335073300d2073
Writing ELF word to SRAM addr 0000000000014ee6: de631c6380013a37
Writing ELF word to SRAM addr 0000000000014ee7: d02342d3a2209353
Writing ELF word to SRAM addr 0000000000014ee8: c034335333f15073
Writing ELF word to SRAM addr 0000000000014ee9: d03632d3b0355073
Writing ELF word to SRAM addr 0000000000014eea: 5031ce6378b789e3
Writing ELF word to SRAM addr 0000000000014eeb: 1401937302b781bb
Writing ELF word to SRAM addr 0000000000014eec: a21296530a2092c3
Writing ELF word to SRAM addr 0000000000014eed: 02839153205422d3
Writing ELF word to SRAM addr 0000000000014eee: c0340653c0011353
Writing ELF word to SRAM addr 0000000000014eef: e201165302b6533b
Writing ELF word to SRAM addr 0000000000014ef0: 300d207333f0d073
Writing ELF word to SRAM addr 0000000000014ef1: 300d2073300d2073
Writing ELF word to SRAM addr 0000000000014ef2: 300e2073300d2073
Writing ELF word to SRAM addr 0000000000014ef3: c023b353300db073
Writing ELF word to SRAM addr 0000000000014ef4: b0255073e20405d3
Writing ELF word to SRAM addr 0000000000014ef5: 300d307303a7d193
Writing ELF word to SRAM addr 0000000000014ef6: c0333653300d3073
Writing ELF word to SRAM addr 0000000000014ef7: d0367353d0237353
Writing ELF word to SRAM addr 0000000000014ef8: 33f35073e20311d3
Writing ELF word to SRAM addr 0000000000014ef9: 300d3073300d3073
Writing ELF word to SRAM addr 0000000000014efa: 300d2073c0311653
Writing ELF word to SRAM addr 0000000000014efb: 2a130153300d2073
Writing ELF word to SRAM addr 0000000000014efc: 300d3073e20105d3
Writing ELF word to SRAM addr 0000000000014efd: 340315f3300d3073
Writing ELF word to SRAM addr 0000000000014efe: 00000000ecf67063
Writing ELF word to SRAM addr 0000000000015036: 1420d7f302c5e7bb
Writing ELF word to SRAM addr 0000000000015037: 300db073300e2073
Writing ELF word to SRAM addr 0000000000015038: b021d07314019373
Writing ELF word to SRAM addr 0000000000015039: 32c5f26333f45073
Writing ELF word to SRAM addr 000000000001503a: 300d30739ad5e313
Writing ELF word to SRAM addr 000000000001503b: 68c592e3300d3073
Writing ELF word to SRAM addr 000000000001520c: 300d2073300d2073
Writing ELF word to SRAM addr 000000000001520d: b021d07334265673
Writing ELF word to SRAM addr 000000000001520e: 300e3073300ea073
Writing ELF word to SRAM addr 000000000001520f: 340613730a10a3c3
Writing ELF word to SRAM addr 0000000000015210: 300d30731a840153
Writing ELF word to SRAM addr 0000000000015211: d23792d3300d3073
Writing ELF word to SRAM addr 0000000000015212: a0336f63300e2073
Writing ELF word to SRAM addr 0000000000015213: d031b2d302f301b3
Writing ELF word to SRAM addr 0000000000015214: d231a3d3a28315d3
Writing ELF word to SRAM addr 0000000000015215: d221f2d3c02087d3
Writing ELF word to SRAM addr 0000000000015216: 300db073300e2073
Writing ELF word to SRAM addr 0000000000015217: 08111447b037d073
Writing ELF word to SRAM addr 0000000000015218: f20601532a1110c7
Writing ELF word to SRAM addr 0000000000015219: f2030153b035d073
Writing ELF word to SRAM addr 000000000001521a: 300d3073d221f453
Writing ELF word to SRAM addr 000000000001521b: d2318153300d3073
Writing ELF word to SRAM addr 000000000001521c: 4203a2d3b0235073
Writing ELF word to SRAM addr 000000000001521d: 00512453b027d073
Writing ELF word to SRAM addr 000000000001521e: c223c1d3c022b653
Writing ELF word to SRAM addr 000000000001521f: 342551f3c2211353
Writing ELF word to SRAM addr 0000000000015220: e0011653d2260153
Writing ELF word to SRAM addr 0000000000015221: 33f75073e00095d3
Writing ELF word to SRAM addr 0000000000015222: 4202a153c232a353
Writing ELF word to SRAM addr 0000000000015223: 33f2d073c03141d3
Writing ELF word to SRAM addr 0000000000015224: e201065302c581b3
Writing ELF word to SRAM addr 0000000000015225: 02b1e1b302b1e63b
Writing ELF word to SRAM addr 0000000000015226: a21397d3a063a653
Writing ELF word to SRAM addr 0000000000015227: c032a1d3e2028353
Writing ELF word to SRAM addr 0000000000015228: e00285d3300e3073
Writing ELF word to SRAM addr 0000000000015229: d031a153c03141d3
Writing ELF word to SRAM addr 000000000001522a: b030507333f2d073
Writing ELF word to SRAM addr 000000000001522b: 6ef35ae3c230f1d3
Writing ELF word to SRAM addr 00000000000153c4: 300d30731421d5f3
Writing ELF word to SRAM addr 00000000000153c5: c020aa53300d3073
Writing ELF word to SRAM addr 00000000000153c6: 300d3073d2267453
Writing ELF word to SRAM addr 00000000000153c7: c033f7d3300d3073
Writing ELF word to SRAM addr 00000000000153c8: a25405d34e3668e3
Writing ELF word to SRAM addr 00000000000153c9: 221280d3b021d073
Writing ELF word to SRAM addr 00000000000153ca: b021d073c033c7d3
Writing ELF word to SRAM addr 00000000000153cb: a08287d3b034d073
Writing ELF word to SRAM addr 00000000000153cc: 0000000002ca5863
Writing ELF word to SRAM addr 00000000000153d2: 33f050730231d1bb
Writing ELF word to SRAM addr 00000000000153d3: 0341fa3bc23477d3
Writing ELF word to SRAM addr 00000000000153d4: e0008a53d221f153
Writing ELF word to SRAM addr 00000000000153d5: 3252c3cf5a0423d3
Writing ELF word to SRAM addr 00000000000153d6: 6341ff630237c5bb
Writing ELF word to SRAM addr 00000000000153d7: b021d073e00391d3
Writing ELF word to SRAM addr 00000000000153d8: 03458633c02381d3
Writing ELF word to SRAM addr 00000000000153d9: b02050733427d5f3
Writing ELF word to SRAM addr 00000000000153da: c03177d3d6ca0463
Writing ELF word to SRAM addr 00000000000153db: f00a00d3d22a30d3
Writing ELF word to SRAM addr 00000000000153dc: a25295d32a7383d3
Writing ELF word to SRAM addr 00000000000153dd: b0365073c03137d3
Writing ELF word to SRAM addr 00000000000153de: d02a415333f45073
Writing ELF word to SRAM addr 00000000000153df: a08391d344f185e3
Writing ELF word to SRAM addr 00000000000153e0: 300d3073300d3073
Writing ELF word to SRAM addr 00000000000153e1: e20101d3140591f3
Writing ELF word to SRAM addr 00000000000153e2: c020fa53d21183d3
Writing ELF word to SRAM addr 00000000000153e3: 142657f3c0217a53
Writing ELF word to SRAM addr 00000000000153e4: 300d2073300d2073
Writing ELF word to SRAM addr 00000000000153e5: d02591531262f153
Writing ELF word to SRAM addr 00000000000153e6: b022d073300e2073
Writing ELF word to SRAM addr 00000000000153e7: 33f0d073300e2073
Writing ELF word to SRAM addr 00000000000153e8: 300e2073c033b1d3
Writing ELF word to SRAM addr 00000000000153e9: c03471d31072f0c3
Writing ELF word to SRAM addr 00000000000153ea: 02ca51bbc0242a53
Writing ELF word to SRAM addr 00000000000153eb: a02125d3a6b78fe3
Writing ELF word to SRAM addr 00000000000153ec: 01e37333140597f3
Writing ELF word to SRAM addr 00000000000153ed: 0067c33301e7f7b3
Writing ELF word to SRAM addr 00000000000153ee: 305310733421d7f3
Writing ELF word to SRAM addr 00000000000153ef: c03447d31273c153
Writing ELF word to SRAM addr 00000000000153f0: c222ba53401322c7
Writing ELF word to SRAM addr 00000000000153f1: 0000000000000073
Writing ELF word to SRAM addr 000000000001540a: 300d3073b022d073
Writing ELF word to SRAM addr 000000000001540b: 300e2073300d3073
Writing ELF word to SRAM addr 000000000001540c: 300e20730235e63b
Writing ELF word to SRAM addr 000000000001540d: e2028653e20415d3
Writing ELF word to SRAM addr 000000000001540e: d435cfe3a072a1d3
Writing ELF word to SRAM addr 000000000001540f: c21135d31cc61463
Writing ELF word to SRAM addr 0000000000015410: 300d20734220a2c7
Writing ELF word to SRAM addr 0000000000015411: 02f637b3300d2073
Writing ELF word to SRAM addr 0000000000015412: 60678363b0225073
Writing ELF word to SRAM addr 0000000000015413: 300d3073300d3073
Writing ELF word to SRAM addr 0000000000015414: e20081d312510443
Writing ELF word to SRAM addr 0000000000015415: 300d207322508153
Writing ELF word to SRAM addr 0000000000015416: 300e3073300d2073
Writing ELF word to SRAM addr 0000000000015417: e20081d3c022b7d3
Writing ELF word to SRAM addr 0000000000015418: c0341353b0255073
Writing ELF word to SRAM addr 0000000000015419: 300d2073300d2073
Writing ELF word to SRAM addr 000000000001541a: 300d3073300d3073
Writing ELF word to SRAM addr 000000000001541b: 0037c7b31425d5f3
Writing ELF word to SRAM addr 000000000001541c: 140191f3225280d3
Writing ELF word to SRAM addr 000000000001541d: d2237153c0014353
Writing ELF word to SRAM addr 000000000001541e: b4f582e3d035f2d3
Writing ELF word to SRAM addr 000000000001541f: f2060453d21193d3
Writing ELF word to SRAM addr 0000000000015420: 025142d3d201a3d3
Writing ELF word to SRAM addr 0000000000015421: d011a153140615f3
Writing ELF word to SRAM addr 0000000000015422: d037c3d3d0134153
Writing ELF word to SRAM addr 0000000000015423: 1a234153b6664063
Writing ELF word to SRAM addr 0000000000015424: c221735314205373
Writing ELF word to SRAM addr 0000000000015425: c23411d3340795f3
Writing ELF word to SRAM addr 0000000000015426: 33f450734273f2c3
Writing ELF word to SRAM addr 0000000000015427: 7eb6676302f5833b
Writing ELF word to SRAM addr 0000000000015428: 5035f463a210a653
Writing ELF word to SRAM addr 0000000000015429: 300d3073420333d3
Writing ELF word to SRAM addr 000000000001542a: c033c353300d3073
Writing ELF word to SRAM addr 000000000001542b: d221a2d32a208153
Writing ELF word to SRAM addr 000000000001542c: 300d30730250c3d3
Writing ELF word to SRAM addr 000000000001542d: 300d2073300d3073
Writing ELF word to SRAM addr 000000000001542e: c0228653300d2073
Writing ELF word to SRAM addr 000000000001542f: 0263463350b66fe3
Writing ELF word to SRAM addr 0000000000015430: 34079373300eb073
Writing ELF word to SRAM addr 0000000000015431: 0061d33b3427d373
Writing ELF word to SRAM addr 0000000000015432: 342351f333f75073
Writing ELF word to SRAM addr 0000000000015433: a8f35b6302b3763b
Writing ELF word to SRAM addr 0000000000015434: 300d307302f5c7bb
Writing ELF word to SRAM addr 0000000000015435: 300ea073300d3073
Writing ELF word to SRAM addr 0000000000015436: 33f250730231833b
Writing ELF word to SRAM addr 0000000000015437: 3423d5f3c0214353
Writing ELF word to SRAM addr 0000000000015438: 300db073300e2073
Writing ELF word to SRAM addr 0000000000015439: 01e1f1b301ea7a33
Writing ELF word to SRAM addr 000000000001543a: 0a50b0c30141ca33
Writing ELF word to SRAM addr 000000000001543b: b034d073000a4303
Writing ELF word to SRAM addr 000000000001543c: c22177d302f7c7b3
Writing ELF word to SRAM addr 000000000001543d: b02050732052a453
Writing ELF word to SRAM addr 000000000001543e: a280a1d30267c633
Writing ELF word to SRAM addr 000000000001543f: b0265073285083d3
Writing ELF word to SRAM addr 0000000000015440: c20171d380008337
Writing ELF word to SRAM addr 0000000000015441: 0231e1bbd031c0d3
Writing ELF word to SRAM addr 0000000000015442: 14061673580403d3
Writing ELF word to SRAM addr 0000000000015443: 02c6663b02c1c7bb
Writing ELF word to SRAM addr 0000000000015444: 300eb07333f7d073
Writing ELF word to SRAM addr 0000000000015445: 300ea07302f651b3
Writing ELF word to SRAM addr 0000000000015446: b0205073d237a453
Writing ELF word to SRAM addr 0000000000015447: 300d3073300d3073
Writing ELF word to SRAM addr 0000000000015448: 02f1c1bbc023c7d3
Writing ELF word to SRAM addr 0000000000015449: deb5ec6300f185b3
Writing ELF word to SRAM addr 000000000001544a: 142ed7f3142dd673
Writing ELF word to SRAM addr 000000000001544b: 02c1e1bbe2009653
Writing ELF word to SRAM addr 000000000001544c: 3a20a44f340795f3
Writing ELF word to SRAM addr 000000000001544d: d0378453f0018453
Writing ELF word to SRAM addr 000000000001544e: 300d207302b631b3
Writing ELF word to SRAM addr 000000000001544f: 342057f3300d2073
Writing ELF word to SRAM addr 0000000000015450: 02c7da3bf00182d3
Writing ELF word to SRAM addr 0000000000015451: 3422d673140597f3
Writing ELF word to SRAM addr 0000000000015452: 300e2073d0367453
Writing ELF word to SRAM addr 0000000000015453: 1222f3d302c601b3
Writing ELF word to SRAM addr 0000000000015454: 33f550730a740453
Writing ELF word to SRAM addr 0000000000015455: a2741653300e2073
Writing ELF word to SRAM addr 0000000000015456: 34059a73d22670d3
Writing ELF word to SRAM addr 0000000000015457: f20a0453c02115d3
Writing ELF word to SRAM addr 0000000000015458: c0311653e2040653
Writing ELF word to SRAM addr 0000000000015459: 0231a7b314235a73
Writing ELF word to SRAM addr 000000000001545a: 300e2073b021d073
Writing ELF word to SRAM addr 000000000001545b: c23085d34203a0d3
Writing ELF word to SRAM addr 000000000001545c: 1883c453c022c7d3
Writing ELF word to SRAM addr 000000000001545d: b025d073c022fa53
Writing ELF word to SRAM addr 000000000001545e: 282390d3580420d3
Writing ELF word to SRAM addr 000000000001545f: 3a83b14fa4c5e0e3
Writing ELF word to SRAM addr 0000000000015460: c02137d3a0830a53
Writing ELF word to SRAM addr 0000000000015461: 14059673011a5613
Writing ELF word to SRAM addr 0000000000015462: 282403d333f25073
Writing ELF word to SRAM addr 0000000000015463: c233ba531a8412d3
Writing ELF word to SRAM addr 0000000000015464: 0a12c3d3208423d3
Writing ELF word to SRAM addr 0000000000015465: d02a42d3b0215073
Writing ELF word to SRAM addr 0000000000015466: f205815348ca0463
Writing ELF word to SRAM addr 0000000000015467: 300e2073c020aa53
Writing ELF word to SRAM addr 0000000000015468: b025d07302b791b3
Writing ELF word to SRAM addr 0000000000015469: c222f5d3287310cb
Writing ELF word to SRAM addr 000000000001546a: d03790d3d025c453
Writing ELF word to SRAM addr 000000000001546b: 034677b3d0064153
Writing ELF word to SRAM addr 000000000001546c: 300d3073300d3073
Writing ELF word to SRAM addr 000000000001546d: d02640d3a08421d3
Writing ELF word to SRAM addr 000000000001546e: b031d0732022a2d3
Writing ELF word to SRAM addr 000000000001546f: 300e2073d235c153
Writing ELF word to SRAM addr 0000000000015470: 140197f3300db073
Writing ELF word to SRAM addr 0000000000015471: 300eb073d03182d3
Writing ELF word to SRAM addr 0000000000015472: 300e2073342551f3
Writing ELF word to SRAM addr 0000000000015473: 300d2073300db073
Writing ELF word to SRAM addr 0000000000015474: 300e2073300d2073
Writing ELF word to SRAM addr 0000000000015475: 02f5f63b8c01f593
Writing ELF word to SRAM addr 0000000000015476: 300d307301f6179b
Writing ELF word to SRAM addr 0000000000015477: 340195f3300d3073
Writing ELF word to SRAM addr 0000000000015478: 300d2073300e3073
Writing ELF word to SRAM addr 0000000000015479: 300d2073300d2073
Writing ELF word to SRAM addr 000000000001547a: 300e2073300d2073
Writing ELF word to SRAM addr 000000000001547b: 33f1d073300db073
Writing ELF word to SRAM addr 000000000001547c: 142fd1f302c647bb
Writing ELF word to SRAM addr 000000000001547d: 02b5b1b302f1f63b
Writing ELF word to SRAM addr 000000000001547e: 0000000032f19863
Writing ELF word to SRAM addr 00000000000154e4: 3424d5f30235c7bb
Writing ELF word to SRAM addr 00000000000154e5: 140791f302f1d63b
Writing ELF word to SRAM addr 00000000000154e6: 342255f334061a73
Writing ELF word to SRAM addr 00000000000154e7: 300d3073534a42e3
Writing ELF word to SRAM addr 00000000000154e8: 34061673300d3073
Writing ELF word to SRAM addr 00000000000154e9: 300e20733423d1f3
Writing ELF word to SRAM addr 00000000000154ea: 300db073300e2073
Writing ELF word to SRAM addr 00000000000154eb: 14225a73300e3073
Writing ELF word to SRAM addr 00000000000154ec: 300d207300c185bb
Writing ELF word to SRAM addr 00000000000154ed: 4b4a69e3300d2073
Writing ELF word to SRAM addr 00000000000154ee: 300ea073340597f3
Writing ELF word to SRAM addr 00000000000154ef: a01095d3e0041a53
Writing ELF word to SRAM addr 00000000000154f0: d23790d3c022f7d3
Writing ELF word to SRAM addr 00000000000154f1: 300d2073300d2073
Writing ELF word to SRAM addr 00000000000154f2: d03614532e030313
Writing ELF word to SRAM addr 00000000000154f3: b0375073b025d073
Writing ELF word to SRAM addr 00000000000154f4: 300e2073300e2073
Writing ELF word to SRAM addr 00000000000154f5: 02f5f263300db073
Writing ELF word to SRAM addr 00000000000154f6: 00c7c5b31223844b
Writing ELF word to SRAM addr 00000000000154f7: 00000000e6c5e463
Writing ELF word to SRAM addr 00000000000163f0: 60000f3700000000
Writing ELF word to SRAM addr 00000000000163f1: 0ff0000f010f0f13
Writing ELF word to SRAM addr 00000000000163f2: 0ff0000f001f3023
Writing ELF word to SRAM addr 00000000000163f3: 0ff0000f002f3023
Writing ELF word to SRAM addr 00000000000163f4: 0ff0000f003f3023
Writing ELF word to SRAM addr 00000000000163f5: 0ff0000f004f3023
Writing ELF word to SRAM addr 00000000000163f6: 0ff0000f005f3023
Writing ELF word to SRAM addr 00000000000163f7: 0ff0000f006f3023
Writing ELF word to SRAM addr 00000000000163f8: 0ff0000f007f3023
Writing ELF word to SRAM addr 00000000000163f9: 0ff0000f008f3023
Writing ELF word to SRAM addr 00000000000163fa: 0ff0000f009f3023
Writing ELF word to SRAM addr 00000000000163fb: 0ff0000f00af3023
Writing ELF word to SRAM addr 00000000000163fc: 0ff0000f00bf3023
Writing ELF word to SRAM addr 00000000000163fd: 0ff0000f00cf3023
Writing ELF word to SRAM addr 00000000000163fe: 0ff0000f00df3023
Writing ELF word to SRAM addr 00000000000163ff: 0ff0000f00ef3023
Writing ELF word to SRAM addr 0000000000016400: 0ff0000f00ff3023
Writing ELF word to SRAM addr 0000000000016401: 0ff0000f010f3023
Writing ELF word to SRAM addr 0000000000016402: 0ff0000f011f3023
Writing ELF word to SRAM addr 0000000000016403: 0ff0000f012f3023
Writing ELF word to SRAM addr 0000000000016404: 0ff0000f013f3023
Writing ELF word to SRAM addr 0000000000016405: 0ff0000f014f3023
Writing ELF word to SRAM addr 0000000000016406: 0ff0000f015f3023
Writing ELF word to SRAM addr 0000000000016407: 0ff0000f016f3023
Writing ELF word to SRAM addr 0000000000016408: 0ff0000f017f3023
Writing ELF word to SRAM addr 0000000000016409: 0ff0000f018f3023
Writing ELF word to SRAM addr 000000000001640a: 000f3427300e9073
Writing ELF word to SRAM addr 000000000001640b: 001f34270ff0000f
Writing ELF word to SRAM addr 000000000001640c: 002f34270ff0000f
Writing ELF word to SRAM addr 000000000001640d: 003f34270ff0000f
Writing ELF word to SRAM addr 000000000001640e: 004f34270ff0000f
Writing ELF word to SRAM addr 000000000001640f: 005f34270ff0000f
Writing ELF word to SRAM addr 0000000000016410: 006f34270ff0000f
Writing ELF word to SRAM addr 0000000000016411: 007f34270ff0000f
Writing ELF word to SRAM addr 0000000000016412: 008f34270ff0000f
Writing ELF word to SRAM addr 0000000000016413: 009f34270ff0000f
Writing ELF word to SRAM addr 0000000000016414: 00af34270ff0000f
Writing ELF word to SRAM addr 0000000000016415: 00bf34270ff0000f
Writing ELF word to SRAM addr 0000000000016416: 00cf34270ff0000f
Writing ELF word to SRAM addr 0000000000016417: 00df34270ff0000f
Writing ELF word to SRAM addr 0000000000016418: 60000f370ff0000f
Writing ELF word to SRAM addr 0000000000016419: 000f3023000f0f13
Writing ELF word to SRAM addr 000000000001641a: 0000006f0ff0000f
Writing ELF word to SRAM addr 0000000000018479: 543191bf00000000
Writing ELF word to SRAM addr 000000000001847a: 3b2098ec0f7de29a
Writing ELF word to SRAM addr 000000000001847b: 21bae89be13b7257
Writing ELF word to SRAM addr 000000000001847c: c31d2ab6285ff7c7
Writing ELF word to SRAM addr 000000000001851e: 300d307302ba7a3b
Writing ELF word to SRAM addr 000000000001851f: a2532653300d3073
Writing ELF word to SRAM addr 0000000000018520: 3214214b3426da73
Writing ELF word to SRAM addr 0000000000018521: 02c78a332052a453
Writing ELF word to SRAM addr 0000000000018522: c02127d3e00101d3
Writing ELF word to SRAM addr 0000000000018523: 340197f3f2060353
Writing ELF word to SRAM addr 0000000000018524: 225302d35a0442d3
Writing ELF word to SRAM addr 0000000000018525: 342657f30346633b
Writing ELF word to SRAM addr 0000000000018526: 300e20731263c0c7
Writing ELF word to SRAM addr 0000000000018527: 34245a73300db073
Writing ELF word to SRAM addr 0000000000018528: d23a7153f2058153
Writing ELF word to SRAM addr 0000000000018529: 300e20732862b34f
Writing ELF word to SRAM addr 000000000001852a: 1425d1f3300db073
Writing ELF word to SRAM addr 000000000001852b: 01219a13a86a03e3
Writing ELF word to SRAM addr 000000000001852c: 3425da73a6335fe3
Writing ELF word to SRAM addr 000000000001852d: d22a3153340195f3
Writing ELF word to SRAM addr 000000000001852e: a06105d300ca033b
Writing ELF word to SRAM addr 000000000001852f: d027b3d3140617f3
Writing ELF word to SRAM addr 0000000000018530: c020a7d3340311f3
Writing ELF word to SRAM addr 0000000000018531: 300db073300e2073
Writing ELF word to SRAM addr 0000000000018532: c23125d3300e2073
Writing ELF word to SRAM addr 0000000000018533: 3421d5f3225120d3
Writing ELF word to SRAM addr 0000000000018534: 800137b702f7a633
Writing ELF word to SRAM addr 0000000000018535: 18c5e2e32a839153
Writing ELF word to SRAM addr 0000000000018550: 023a633b1270844b
Writing ELF word to SRAM addr 0000000000018551: b0205073c0210653
Writing ELF word to SRAM addr 0000000000018552: d22303d3a2109653
Writing ELF word to SRAM addr 0000000000018553: d223345394f7e0e3
Writing ELF word to SRAM addr 0000000000018554: c0244653d02a3353
Writing ELF word to SRAM addr 0000000000018555: d231c3d3d22633d3
Writing ELF word to SRAM addr 0000000000018556: 5a038453300e3073
Writing ELF word to SRAM addr 0000000000018557: c023a353340191f3
Writing ELF word to SRAM addr 0000000000018558: 340311f30237b7b3
Writing ELF word to SRAM addr 0000000000018559: 1406167302334a3b
Writing ELF word to SRAM addr 000000000001855a: 300eb073c0330653
Writing ELF word to SRAM addr 000000000001855b: b032d073142c5373
Writing ELF word to SRAM addr 000000000001855c: 300e207300ca71b3
Writing ELF word to SRAM addr 000000000001855d: 25c1819b414787bb
Writing ELF word to SRAM addr 000000000001855e: 300d30735eca031b
Writing ELF word to SRAM addr 000000000001855f: 142bda73300d3073
Writing ELF word to SRAM addr 0000000000018560: 140311f3026647bb
Writing ELF word to SRAM addr 0000000000018561: 33f6507333f4d073
Writing ELF word to SRAM addr 0000000000018562: 69431ee3b0275073
Writing ELF word to SRAM addr 0000000000018608: a2211353e2011653
Writing ELF word to SRAM addr 0000000000018609: 142bd1f3122130d3
Writing ELF word to SRAM addr 000000000001860a: 300d2073300d2073
Writing ELF word to SRAM addr 000000000001860b: a0228653c033b653
Writing ELF word to SRAM addr 000000000001860c: b031d073b0345073
Writing ELF word to SRAM addr 000000000001860d: 4061da3bc8360fe3
Writing ELF word to SRAM addr 000000000001860e: c223c7d3d0261153
Writing ELF word to SRAM addr 000000000001860f: 425342cba4666ee3
Writing ELF word to SRAM addr 0000000000018610: 288290d3b021d073
Writing ELF word to SRAM addr 0000000000018611: c0229a53d2318153
Writing ELF word to SRAM addr 0000000000018612: 8637ec6334061673
Writing ELF word to SRAM addr 0000000000018613: c223b1d3c21437d3
Writing ELF word to SRAM addr 0000000000018614: 340197f3300e2073
Writing ELF word to SRAM addr 0000000000018615: 340a1a73d01633d3
Writing ELF word to SRAM addr 0000000000018616: 300d20735a0410d3
Writing ELF word to SRAM addr 0000000000018617: 300d3073300d2073
Writing ELF word to SRAM addr 0000000000018618: d03a72d3300d3073
Writing ELF word to SRAM addr 0000000000018619: 3424d1f3a0709353
Writing ELF word to SRAM addr 000000000001861a: 023673331a541453
Writing ELF word to SRAM addr 000000000001861b: 000000009b4614e3
Writing ELF word to SRAM addr 000000000001863a: 0237c1b3b0235073
Writing ELF word to SRAM addr 000000000001863b: 300e20739d478f63
Writing ELF word to SRAM addr 000000000001863c: b0275073300e2073
Writing ELF word to SRAM addr 000000000001863d: fac3076302f1c1b3
Writing ELF word to SRAM addr 000000000001863e: 300e2073140a1673
Writing ELF word to SRAM addr 000000000001863f: 02630a3b300db073
Writing ELF word to SRAM addr 0000000000018640: 33f5d073300e2073
Writing ELF word to SRAM addr 0000000000018641: 00f7aa3302f7ca3b
Writing ELF word to SRAM addr 0000000000018642: 33f0d0730cf302e3
Writing ELF word to SRAM addr 0000000000018643: 300ea07302f671bb
Writing ELF word to SRAM addr 0000000000018644: d23a2353b0245073
Writing ELF word to SRAM addr 0000000000018645: 140a1673285302d3
Writing ELF word to SRAM addr 0000000000018646: 02ca433b02360a3b
Writing ELF word to SRAM addr 0000000000018647: b030d073c2231a53
Writing ELF word to SRAM addr 0000000000018648: 8f4a1be3f2078453
Writing ELF word to SRAM addr 0000000000018649: d227c2d3340a1a73
Writing ELF word to SRAM addr 000000000001864a: 5800f1531424da73
Writing ELF word to SRAM addr 000000000001864b: 14245673201393d3
Writing ELF word to SRAM addr 000000000001864c: 0031907306000193
Writing ELF word to SRAM addr 000000000001864d: 003a107308000a13
Writing ELF word to SRAM addr 000000000001864e: 2221015302661633
Writing ELF word to SRAM addr 000000000001864f: 0231d7b310f60663
Writing ELF word to SRAM addr 0000000000018650: 300d207302f371b3
Writing ELF word to SRAM addr 0000000000018651: 4202c353300d2073
Writing ELF word to SRAM addr 0000000000018652: e0041a53c2347a53
Writing ELF word to SRAM addr 0000000000018653: a21407d302833353
Writing ELF word to SRAM addr 0000000000018654: 40f1da3b14215373
Writing ELF word to SRAM addr 0000000000018655: 03437a33300e3073
Writing ELF word to SRAM addr 0000000000018656: c20325d3d03a0153
Writing ELF word to SRAM addr 0000000000018657: 300db073300e2073
Writing ELF word to SRAM addr 0000000000018658: e2040653c223a653
Writing ELF word to SRAM addr 0000000000018659: 00c58a3bd227c153
Writing ELF word to SRAM addr 000000000001865a: 300eb07333f5d073
Writing ELF word to SRAM addr 000000000001865b: 300d207328ca0b63
Writing ELF word to SRAM addr 000000000001865c: 33f05073300d2073
Writing ELF word to SRAM addr 000000000001865d: 300d30733422d7f3
Writing ELF word to SRAM addr 000000000001865e: b030d073300d3073
Writing ELF word to SRAM addr 000000000001865f: c89ee7ef340317f3
Writing ELF word to SRAM addr 0000000000018666: 300d30730065f5b3
Writing ELF word to SRAM addr 0000000000018667: 300d3073300d3073
Writing ELF word to SRAM addr 0000000000018668: 300e3073300d3073
Writing ELF word to SRAM addr 0000000000018669: 300d2073300d2073
Writing ELF word to SRAM addr 000000000001866a: 207390d3ab078793
Writing ELF word to SRAM addr 000000000001866b: 2e3668e302b3733b
Writing ELF word to SRAM addr 000000000001866c: 300d3073300d3073
Writing ELF word to SRAM addr 000000000001866d: b0355073c2011653
Writing ELF word to SRAM addr 000000000001866e: 2a2420cf300e2073
Writing ELF word to SRAM addr 000000000001866f: 4200a4539e3600e3
Writing ELF word to SRAM addr 0000000000018670: c003b5d302b58333
Writing ELF word to SRAM addr 0000000000018671: 300d2073300d2073
Writing ELF word to SRAM addr 0000000000018672: c02131d36cb181e3
Writing ELF word to SRAM addr 0000000000018673: d036345314059673
Writing ELF word to SRAM addr 0000000000018674: d03641531420d1f3
Writing ELF word to SRAM addr 0000000000018675: 300e2073026581bb
Writing ELF word to SRAM addr 0000000000018676: 300d3073187172d3
Writing ELF word to SRAM addr 0000000000018677: 340615f3300d3073
Writing ELF word to SRAM addr 0000000000018678: a273a35358042153
Writing ELF word to SRAM addr 0000000000018679: 3422d673f6c365e3
Writing ELF word to SRAM addr 000000000001867a: c0041353f0060453
Writing ELF word to SRAM addr 000000000001867b: c032f1d3d221b2d3
Writing ELF word to SRAM addr 000000000001867c: 22840353d031b153
Writing ELF word to SRAM addr 000000000001867d: 2063815314031a73
Writing ELF word to SRAM addr 000000000001867e: 02b6563302c5e63b
Writing ELF word to SRAM addr 000000000001867f: 142dda7341165a1b
Writing ELF word to SRAM addr 0000000000018680: 503586e30a23f453
Writing ELF word to SRAM addr 0000000000018681: 125102d3300e3073
Writing ELF word to SRAM addr 0000000000018682: 300e207300f6531b
Writing ELF word to SRAM addr 0000000000018683: 02c3463b300db073
Writing ELF word to SRAM addr 0000000000018684: 14061a73c233a353
Writing ELF word to SRAM addr 0000000000018685: 023605b30820a0cb
Writing ELF word to SRAM addr 0000000000018686: 207322d3c03121d3
Writing ELF word to SRAM addr 0000000000018687: 3882b143d66a7b63
Writing ELF word to SRAM addr 0000000000018688: d23a03d3e2030353
Writing ELF word to SRAM addr 0000000000018689: 300db073300e2073
Writing ELF word to SRAM addr 000000000001868a: a2612a53b021d073
Writing ELF word to SRAM addr 000000000001868b: c233235385465563
Writing ELF word to SRAM addr 000000000001868c: 40108453e00295d3
Writing ELF word to SRAM addr 000000000001868d: c2217353300e3073
Writing ELF word to SRAM addr 000000000001868e: 140a1373c022aa53
Writing ELF word to SRAM addr 000000000001868f: 300d2073300d2073
Writing ELF word to SRAM addr 0000000000018690: 300d2073300d2073
Writing ELF word to SRAM addr 0000000000018691: 300d3073300d3073
Writing ELF word to SRAM addr 0000000000018692: d22610d302c1c63b
Writing ELF word to SRAM addr 0000000000018693: c0343653f20182d3
Writing ELF word to SRAM addr 0000000000018694: 2a512147a213a1d3
Writing ELF word to SRAM addr 0000000000018695: 34225a73023345bb
Writing ELF word to SRAM addr 0000000000018696: 5df975970a83c3d3
Writing ELF word to SRAM addr 0000000000018697: b027d0732a8442cf
Writing ELF word to SRAM addr 0000000000018698: c230c5d3d03322d3
Writing ELF word to SRAM addr 0000000000018699: 33f0507302b605b3
Writing ELF word to SRAM addr 000000000001869a: 300d2073300d2073
Writing ELF word to SRAM addr 000000000001869b: 8941f2e3a282a5d3
Writing ELF word to SRAM addr 000000000001869c: 300d3073027392d3
Writing ELF word to SRAM addr 000000000001869d: 1426d5f3300d3073
Writing ELF word to SRAM addr 000000000001869e: d231b3d314031673
Writing ELF word to SRAM addr 000000000001869f: e0008a53800135b7
Writing ELF word to SRAM addr 00000000000186a0: d22a42d3d221a3d3
Writing ELF word to SRAM addr 00000000000186a1: 300e2073023a41b3
Writing ELF word to SRAM addr 00000000000186a2: 543314e3300db073
Writing ELF word to SRAM addr 00000000000186a3: 40c6063ba2229353
Writing ELF word to SRAM addr 00000000000186a4: 2a2293d3d2230153
Writing ELF word to SRAM addr 00000000000186a5: 300d3073034a71b3
Writing ELF word to SRAM addr 00000000000186a6: 2a2413d3300d3073
Writing ELF word to SRAM addr 00000000000186a7: 33f75073d031f3d3
Writing ELF word to SRAM addr 00000000000186a8: 300d3073f2060453
Writing ELF word to SRAM addr 00000000000186a9: c2240a53300d3073
Writing ELF word to SRAM addr 00000000000186aa: 300d3073d0237453
Writing ELF word to SRAM addr 00000000000186ab: 287112d3300d3073
Writing ELF word to SRAM addr 00000000000186ac: 300db073300e2073
Writing ELF word to SRAM addr 00000000000186ad: c020b1d3f0018153
Writing ELF word to SRAM addr 00000000000186ae: 227094535a02f453
Writing ELF word to SRAM addr 00000000000186af: c233ca532212a3d3
Writing ELF word to SRAM addr 00000000000186b0: c0309a53c0341653
Writing ELF word to SRAM addr 00000000000186b1: c0313a533427da73
Writing ELF word to SRAM addr 00000000000186b2: 228122d33231ef63
Writing ELF word to SRAM addr 00000000000186b3: 0231ca3b02618a3b
Writing ELF word to SRAM addr 00000000000186b4: 300d2073300d2073
Writing ELF word to SRAM addr 00000000000186b5: d03633d3943a07e3
Writing ELF word to SRAM addr 00000000000186b6: d021c3d31a73c2d3
Writing ELF word to SRAM addr 00000000000186b7: 1020b2c7d0337453
Writing ELF word to SRAM addr 00000000000186b8: 2a7420c7a63a5663
Writing ELF word to SRAM addr 00000000000186b9: 342051f333f25073
Writing ELF word to SRAM addr 00000000000186ba: 1429d673300e3073
Writing ELF word to SRAM addr 00000000000186bb: d02372d3b020d073
Writing ELF word to SRAM addr 00000000000186bc: 300d2073300e3073
Writing ELF word to SRAM addr 00000000000186bd: 300e2073300d2073
Writing ELF word to SRAM addr 00000000000186be: 300d2073300d2073
Writing ELF word to SRAM addr 00000000000186bf: 0341833bc0210a53
Writing ELF word to SRAM addr 00000000000186c0: 1a2122d3b0365073
Writing ELF word to SRAM addr 00000000000186c1: 300d3073300d3073
Writing ELF word to SRAM addr 00000000000186c2: 52c34663c002aa53
Writing ELF word to SRAM addr 0000000000018736: 300d2073300d2073
Writing ELF word to SRAM addr 0000000000018737: 00fa5a33a6c64de3
Writing ELF word to SRAM addr 0000000000018738: 33f2d07333f65073
Writing ELF word to SRAM addr 0000000000018739: 300e307301435a3b
Writing ELF word to SRAM addr 000000000001873a: 0341c63b20ca0b63
Writing ELF word to SRAM addr 000000000001873b: 00636333300e2073
Writing ELF word to SRAM addr 000000000001873c: 0231ba33300e3073
Writing ELF word to SRAM addr 000000000001873d: 300e20739437ffe3
Writing ELF word to SRAM addr 000000000001873e: 42f1c9e334031373
Writing ELF word to SRAM addr 000000000001873f: 300d2073300d2073
Writing ELF word to SRAM addr 0000000000018740: 300e2073300e2073
Writing ELF word to SRAM addr 0000000000018741: 300e2073300db073
Writing ELF word to SRAM addr 0000000000018742: 340797f3300db073
Writing ELF word to SRAM addr 0000000000018743: 300d2073300d2073
Writing ELF word to SRAM addr 0000000000018744: 300d2073e8c30a1b
Writing ELF word to SRAM addr 0000000000018745: 300e3073300d2073
Writing ELF word to SRAM addr 0000000000018746: 300d2073300d2073
Writing ELF word to SRAM addr 0000000000018747: 01e5f5b3140a17f3
Writing ELF word to SRAM addr 0000000000018748: 00b7c5b301e7f7b3
Writing ELF word to SRAM addr 0000000000018749: 123a0be30067a1b3
Writing ELF word to SRAM addr 000000000001874a: 300e20730005c303
Writing ELF word to SRAM addr 000000000001874b: f6f7fa63300db073
Writing ELF word to SRAM addr 0000000000018768: 300db073300e2073
Writing ELF word to SRAM addr 0000000000018769: 14031373d00a00d3
Writing ELF word to SRAM addr 000000000001876a: 023a71b33425da73
Writing ELF word to SRAM addr 000000000001876b: a0139653f5a58593
Writing ELF word to SRAM addr 000000000001876c: 300e3073c2328a53
Writing ELF word to SRAM addr 000000000001876d: d23a02d32a238453
Writing ELF word to SRAM addr 000000000001876e: 5802f2d33a72f0c7
Writing ELF word to SRAM addr 000000000001876f: 325383cf0143133b
Writing ELF word to SRAM addr 0000000000018770: 300d2073340a11f3
Writing ELF word to SRAM addr 0000000000018771: c23371d3300d2073
Writing ELF word to SRAM addr 0000000000018772: 14031673c0210653
Writing ELF word to SRAM addr 0000000000018773: 422422cf02662633
Writing ELF word to SRAM addr 0000000000018774: e201065300c1e1b3
Writing ELF word to SRAM addr 0000000000018775: f20180d3b0335073
Writing ELF word to SRAM addr 0000000000018776: 140a13731423d673
Writing ELF word to SRAM addr 0000000000018777: aa3372e333f05073
Writing ELF word to SRAM addr 0000000000018778: c0047a53d211f0d3
Writing ELF word to SRAM addr 0000000000018779: d2230453285383d3
Writing ELF word to SRAM addr 000000000001877a: 300db073300e2073
Writing ELF word to SRAM addr 000000000001877b: 4020a2cb1d4182e3
Writing ELF word to SRAM addr 000000000001877c: d03192d32a5080d3
Writing ELF word to SRAM addr 000000000001877d: 02c6533b300eb073
Writing ELF word to SRAM addr 000000000001877e: 02c6063b03436633
Writing ELF word to SRAM addr 000000000001877f: 300d3073300d3073
Writing ELF word to SRAM addr 0000000000018780: 3a367ee3026a033b
Writing ELF word to SRAM addr 0000000000018781: 3424d373300ea073
Writing ELF word to SRAM addr 0000000000018782: c033ca5302331333
Writing ELF word to SRAM addr 0000000000018783: 1053c3c3ee134a13
Writing ELF word to SRAM addr 0000000000018784: 182412d3d2331153
Writing ELF word to SRAM addr 0000000000018785: 02c3163302c601b3
Writing ELF word to SRAM addr 0000000000018786: 300d207300c1863b
Writing ELF word to SRAM addr 0000000000018787: 1a114453300d2073
Writing ELF word to SRAM addr 0000000000018788: 300d2073300d2073
Writing ELF word to SRAM addr 0000000000018789: 142eda7334265373
Writing ELF word to SRAM addr 000000000001878a: c0340353082113c3
Writing ELF word to SRAM addr 000000000001878b: 300e2073a02401d3
Writing ELF word to SRAM addr 000000000001878c: 300d2073300d2073
Writing ELF word to SRAM addr 000000000001878d: 023a6a3bd03183d3
Writing ELF word to SRAM addr 000000000001878e: 0341e1b32873f2c7
Writing ELF word to SRAM addr 000000000001878f: 300d3073c033ca53
Writing ELF word to SRAM addr 0000000000018790: e2040653300d3073
Writing ELF word to SRAM addr 0000000000018791: 300e3073b0205073
Writing ELF word to SRAM addr 0000000000018792: 02c1f633834a4263
Writing ELF word to SRAM addr 0000000000018793: d02300d3140311f3
Writing ELF word to SRAM addr 0000000000018794: 0343663b300e2073
Writing ELF word to SRAM addr 0000000000018795: c03083534010f153
Writing ELF word to SRAM addr 0000000000018796: 300d3073300d3073
Writing ELF word to SRAM addr 0000000000018797: b031d073300e2073
Writing ELF word to SRAM addr 0000000000018798: c033a35303419333
Writing ELF word to SRAM addr 0000000000018799: d033345333f4d073
Writing ELF word to SRAM addr 000000000001879a: 33f45073d21a2153
Writing ELF word to SRAM addr 000000000001879b: d021a153340311f3
Writing ELF word to SRAM addr 000000000001879c: 300eb073a0108653
Writing ELF word to SRAM addr 000000000001879d: b033d0737ec64963
Writing ELF word to SRAM addr 000000000001879e: 01e7f7b302c311b3
Writing ELF word to SRAM addr 000000000001879f: 00f1c7b301e1f1b3
Writing ELF word to SRAM addr 00000000000187a0: 340a167300c7b023
Writing ELF word to SRAM addr 00000000000187a1: 300d2073b0235073
Writing ELF word to SRAM addr 00000000000187a2: 02c66a3b300d2073
Writing ELF word to SRAM addr 00000000000187a3: 300ea073023a67bb
Writing ELF word to SRAM addr 00000000000187a4: 3273944fd217c453
Writing ELF word to SRAM addr 00000000000187a5: c022c1d3e147c7e3
Writing ELF word to SRAM addr 00000000000187a6: d227f453e4c314e3
Writing ELF word to SRAM addr 00000000000187a7: 14079a73d037a0d3
Writing ELF word to SRAM addr 00000000000187a8: ae637e630a20a453
Writing ELF word to SRAM addr 000000000001a73a: 000000007af1e0e3
Writing ELF word to SRAM addr 000000000001a8f2: 300e2073b0325073
Writing ELF word to SRAM addr 000000000001a8f3: 22c787e3300db073
Writing ELF word to SRAM addr 000000000001a8f4: e20386530a62b443
Writing ELF word to SRAM addr 000000000001a8f5: 0341f5b31423d1f3
Writing ELF word to SRAM addr 000000000001a8f6: 340591f3c223c653
Writing ELF word to SRAM addr 000000000001a8f7: a06295d302f5a7b3
Writing ELF word to SRAM addr 000000000001a8f8: 300d3073b020d073
Writing ELF word to SRAM addr 000000000001a8f9: c22131d3300d3073
Writing ELF word to SRAM addr 000000000001a8fa: 33f350735a028153
Writing ELF word to SRAM addr 000000000001a8fb: dcf7ea63140591f3
Writing ELF word to SRAM addr 000000000001a8fc: d221c2d3e745b793
Writing ELF word to SRAM addr 000000000001a8fd: 225110d302fa063b
Writing ELF word to SRAM addr 000000000001a8fe: 08000613340791f3
Writing ELF word to SRAM addr 000000000001a8ff: 16f7c96300361073
Writing ELF word to SRAM addr 000000000001a900: 023a0a33140197f3
Writing ELF word to SRAM addr 000000000001a901: 300db073300e2073
Writing ELF word to SRAM addr 000000000001a902: 300e2073c013a5d3
Writing ELF word to SRAM addr 000000000001a903: b0375073b021d073
Writing ELF word to SRAM addr 000000000001a904: 300d3073300e2073
Writing ELF word to SRAM addr 000000000001a905: 140191f3300d3073
Writing ELF word to SRAM addr 000000000001a906: 8545c163b037d073
Writing ELF word to SRAM addr 000000000001a907: 401400cbc0233653
Writing ELF word to SRAM addr 000000000001a908: 140a15f3b0305073
Writing ELF word to SRAM addr 000000000001a909: 300e20739347c1e3
Writing ELF word to SRAM addr 000000000001a90a: b0335073300db073
Writing ELF word to SRAM addr 000000000001a90b: d005c153b0325073
Writing ELF word to SRAM addr 000000000001a90c: f20580d31880b0d3
Writing ELF word to SRAM addr 000000000001a90d: d22783d300b7863b
Writing ELF word to SRAM addr 000000000001a90e: 300db073300e2073
Writing ELF word to SRAM addr 000000000001a90f: 300d2073300d2073
Writing ELF word to SRAM addr 000000000001a910: c23095d34073f147
Writing ELF word to SRAM addr 000000000001a911: 300e2073b0375073
Writing ELF word to SRAM addr 000000000001a912: b023d073eb3a061b
Writing ELF word to SRAM addr 000000000001a913: 300e2073c202c5d3
Writing ELF word to SRAM addr 000000000001a914: 300d3073d035a453
Writing ELF word to SRAM addr 000000000001a915: 02fa763b300d3073
Writing ELF word to SRAM addr 000000000001a916: c023c7d3d2259453
Writing ELF word to SRAM addr 000000000001a917: c022a6533a8423c7
Writing ELF word to SRAM addr 000000000001a918: 300e2073b034d073
Writing ELF word to SRAM addr 000000000001a919: 33f55073c03085d3
Writing ELF word to SRAM addr 000000000001a91a: 227324534013c153
Writing ELF word to SRAM addr 000000000001a91b: 300e307333f75073
Writing ELF word to SRAM addr 000000000001a91c: 140195f314019a73
Writing ELF word to SRAM addr 000000000001a91d: e20405d3c2228653
Writing ELF word to SRAM addr 000000000001a91e: 02c1c5bb536a4a13
Writing ELF word to SRAM addr 000000000001a91f: 300d2073300d2073
Writing ELF word to SRAM addr 000000000001a920: 101081530347a5b3
Writing ELF word to SRAM addr 000000000001a921: 28829443d23603d3
Writing ELF word to SRAM addr 000000000001a922: d23183d3d2261453
Writing ELF word to SRAM addr 000000000001a923: 34275673d201b353
Writing ELF word to SRAM addr 000000000001a924: 8a3a7663f2060153
Writing ELF word to SRAM addr 000000000001a92e: 101402cf33f0d073
Writing ELF word to SRAM addr 000000000001a92f: 01e7f7b301e37333
Writing ELF word to SRAM addr 000000000001a930: 000332870067c333
Writing ELF word to SRAM addr 000000000001a931: 40d1d19bc0334653
Writing ELF word to SRAM addr 000000000001a932: c033b5d3b020d073
Writing ELF word to SRAM addr 000000000001a933: 33f650730261d63b
Writing ELF word to SRAM addr 000000000001a934: a2230653d205a453
Writing ELF word to SRAM addr 000000000001a935: 10541153340615f3
Writing ELF word to SRAM addr 000000000001a936: 300d2073300d2073
Writing ELF word to SRAM addr 000000000001a937: c22141d3300e2073
Writing ELF word to SRAM addr 000000000001a938: 02b1d1b322510153
Writing ELF word to SRAM addr 000000000001a939: 7ff3d7b702b341bb
Writing ELF word to SRAM addr 000000000001a93a: 01e7f7b322d78793
Writing ELF word to SRAM addr 000000000001a93b: 00fa47b301ea7a33
Writing ELF word to SRAM addr 000000000001a93c: 0000000000078667
Writing ELF word to SRAM addr 000000000001a940: 58014453d231c0d3
Writing ELF word to SRAM addr 000000000001a941: 300e20733013c447
Writing ELF word to SRAM addr 000000000001a942: 1426f5b7d22a13d3
Writing ELF word to SRAM addr 000000000001a943: a283a653300e3073
Writing ELF word to SRAM addr 000000000001a944: 281292d3c2113a53
Writing ELF word to SRAM addr 000000000001a945: c010c653142ad7f3
Writing ELF word to SRAM addr 000000000001a946: d235c3d3140a15f3
Writing ELF word to SRAM addr 000000000001a947: 300d20735ab59f63
Writing ELF word to SRAM addr 000000000001a948: b0355073300d2073
Writing ELF word to SRAM addr 000000000001a949: d037c0d30a264593
Writing ELF word to SRAM addr 000000000001a94a: 00000000d43a40e3
Dump of reg x01: 0xffff4f13020f1f13.
Dump of reg x02: 0x088b8b9301f00bb3.
Dump of reg x03: 0x0000000000000000.
Dump of reg x04: 0x0d0bb1870c8bb107.
Dump of reg x05: 0x0e0bb2870d8bb207.
Dump of reg x06: 0x0000000000000008.
Dump of reg x07: 0x000bb0830f8bb407.
Dump of reg x08: 0x010bb183008bb103.
Dump of reg x09: 0x020bb283018bb203.
Dump of reg x10: 0x030bb383028bb303.
Dump of reg x11: 0x000000007fffffff.
Dump of reg x12: 0x00000000000005ec.
Dump of reg x13: 0x060bb683058bb603.
Dump of reg x14: 0x070bb783068bb703.
Dump of reg x15: 0x00000000800c3300.
Dump of reg x16: 0x090bb983088bb903.
Dump of reg x17: 0x0a0bba83098bba03.
Dump of reg x18: 0x0b0bbb830a8bbb03.
Dump of reg x19: 0x0000000080012ab6.
Dump of reg x20: 0xffffffff800005eb.
Dump of reg x21: 0x2351c1d5c61cd5c8.
Dump of reg x22: 0xfe8ff47495b25c9b.
Dump of reg x23: 0x8d0787ed1ea3cb34.
Dump of reg x24: 0x0000000000000000.
Dump of reg f00: 0x7ff8000000000000.
Dump of reg f01: 0x7ff8000000000000.
Dump of reg f02: 0x0000000000000000.
Dump of reg f03: 0xed66b4a9ff7bee40.
Dump of reg f04: 0xc6b680412f83fdca.
Dump of reg f05: 0x4097b00000000000.
Dump of reg f06: 0x7ff8000000000000.
Dump of reg f07: 0xffffffffffc00000.
Dump of reg f08: 0x00000000000005ec.
Dump of reg f09: 0x0000000000000000.
Dump of reg f10: 0x0000000000000000.
Dump of reg f11: 0x0000000000000000.
Dump of reg f12: 0x0000000000000000.
Dump of reg f13: 0x0000000000000000.
Found a stop request. Stopping the benchmark after 50 more ticks.
Testbench complete!
Elapsed time: 1124.
